------------------------------------------------------------
Timing Analyzer Summary
------------------------------------------------------------

Type  : Slow 850mV 85C Model Setup 'HDMI_TX_PCLK'
Slack : -0.268
TNS   : -2.753

Type  : Slow 850mV 85C Model Setup 'tx_pll_inst|pll_inst|altera_pll_i|general[0].gpll~PLL_OUTPUT_COUNTER|divclk'
Slack : 1.451
TNS   : 0.000

Type  : Slow 850mV 85C Model Setup 'HDMI_RX_PCLK'
Slack : 1.943
TNS   : 0.000

Type  : Slow 850mV 85C Model Setup 'OSC_50_B8D'
Slack : 10.670
TNS   : 0.000

Type  : Slow 850mV 85C Model Setup 'altera_reserved_tck'
Slack : 12.717
TNS   : 0.000

Type  : Slow 850mV 85C Model Hold 'OSC_50_B8D'
Slack : 0.148
TNS   : 0.000

Type  : Slow 850mV 85C Model Hold 'tx_pll_inst|pll_inst|altera_pll_i|general[0].gpll~PLL_OUTPUT_COUNTER|divclk'
Slack : 0.157
TNS   : 0.000

Type  : Slow 850mV 85C Model Hold 'HDMI_RX_PCLK'
Slack : 0.169
TNS   : 0.000

Type  : Slow 850mV 85C Model Hold 'altera_reserved_tck'
Slack : 0.272
TNS   : 0.000

Type  : Slow 850mV 85C Model Hold 'HDMI_TX_PCLK'
Slack : 0.500
TNS   : 0.000

Type  : Slow 850mV 85C Model Recovery 'altera_reserved_tck'
Slack : 14.595
TNS   : 0.000

Type  : Slow 850mV 85C Model Recovery 'OSC_50_B8D'
Slack : 14.689
TNS   : 0.000

Type  : Slow 850mV 85C Model Removal 'altera_reserved_tck'
Slack : 0.501
TNS   : 0.000

Type  : Slow 850mV 85C Model Removal 'OSC_50_B8D'
Slack : 0.547
TNS   : 0.000

Type  : Slow 850mV 85C Model Minimum Pulse Width 'tx_pll_inst|pll_inst|altera_pll_i|general[0].gpll~FRACTIONAL_PLL|vcoph[0]'
Slack : 0.336
TNS   : 0.000

Type  : Slow 850mV 85C Model Minimum Pulse Width 'tx_pll_inst|pll_inst|altera_pll_i|general[1].gpll~PLL_OUTPUT_COUNTER|divclk'
Slack : 1.644
TNS   : 0.000

Type  : Slow 850mV 85C Model Minimum Pulse Width 'tx_pll_inst|pll_inst|altera_pll_i|general[0].gpll~PLL_OUTPUT_COUNTER|divclk'
Slack : 2.540
TNS   : 0.000

Type  : Slow 850mV 85C Model Minimum Pulse Width 'HDMI_RX_PCLK'
Slack : 2.661
TNS   : 0.000

Type  : Slow 850mV 85C Model Minimum Pulse Width 'OSC_50_B8D'
Slack : 9.283
TNS   : 0.000

Type  : Slow 850mV 85C Model Minimum Pulse Width 'altera_reserved_tck'
Slack : 16.051
TNS   : 0.000

Type  : Slow 850mV 0C Model Setup 'HDMI_TX_PCLK'
Slack : -0.065
TNS   : -0.214

Type  : Slow 850mV 0C Model Setup 'tx_pll_inst|pll_inst|altera_pll_i|general[0].gpll~PLL_OUTPUT_COUNTER|divclk'
Slack : 1.548
TNS   : 0.000

Type  : Slow 850mV 0C Model Setup 'HDMI_RX_PCLK'
Slack : 2.249
TNS   : 0.000

Type  : Slow 850mV 0C Model Setup 'OSC_50_B8D'
Slack : 11.282
TNS   : 0.000

Type  : Slow 850mV 0C Model Setup 'altera_reserved_tck'
Slack : 12.777
TNS   : 0.000

Type  : Slow 850mV 0C Model Hold 'tx_pll_inst|pll_inst|altera_pll_i|general[0].gpll~PLL_OUTPUT_COUNTER|divclk'
Slack : 0.150
TNS   : 0.000

Type  : Slow 850mV 0C Model Hold 'OSC_50_B8D'
Slack : 0.176
TNS   : 0.000

Type  : Slow 850mV 0C Model Hold 'HDMI_RX_PCLK'
Slack : 0.242
TNS   : 0.000

Type  : Slow 850mV 0C Model Hold 'altera_reserved_tck'
Slack : 0.277
TNS   : 0.000

Type  : Slow 850mV 0C Model Hold 'HDMI_TX_PCLK'
Slack : 0.405
TNS   : 0.000

Type  : Slow 850mV 0C Model Recovery 'altera_reserved_tck'
Slack : 14.698
TNS   : 0.000

Type  : Slow 850mV 0C Model Recovery 'OSC_50_B8D'
Slack : 15.080
TNS   : 0.000

Type  : Slow 850mV 0C Model Removal 'altera_reserved_tck'
Slack : 0.495
TNS   : 0.000

Type  : Slow 850mV 0C Model Removal 'OSC_50_B8D'
Slack : 0.613
TNS   : 0.000

Type  : Slow 850mV 0C Model Minimum Pulse Width 'tx_pll_inst|pll_inst|altera_pll_i|general[0].gpll~FRACTIONAL_PLL|vcoph[0]'
Slack : 0.336
TNS   : 0.000

Type  : Slow 850mV 0C Model Minimum Pulse Width 'tx_pll_inst|pll_inst|altera_pll_i|general[1].gpll~PLL_OUTPUT_COUNTER|divclk'
Slack : 1.633
TNS   : 0.000

Type  : Slow 850mV 0C Model Minimum Pulse Width 'tx_pll_inst|pll_inst|altera_pll_i|general[0].gpll~PLL_OUTPUT_COUNTER|divclk'
Slack : 2.531
TNS   : 0.000

Type  : Slow 850mV 0C Model Minimum Pulse Width 'HDMI_RX_PCLK'
Slack : 2.539
TNS   : 0.000

Type  : Slow 850mV 0C Model Minimum Pulse Width 'OSC_50_B8D'
Slack : 9.156
TNS   : 0.000

Type  : Slow 850mV 0C Model Minimum Pulse Width 'altera_reserved_tck'
Slack : 16.043
TNS   : 0.000

Type  : Fast 850mV 85C Model Setup 'HDMI_TX_PCLK'
Slack : 0.431
TNS   : 0.000

Type  : Fast 850mV 85C Model Setup 'HDMI_RX_PCLK'
Slack : 2.410
TNS   : 0.000

Type  : Fast 850mV 85C Model Setup 'tx_pll_inst|pll_inst|altera_pll_i|general[0].gpll~PLL_OUTPUT_COUNTER|divclk'
Slack : 3.505
TNS   : 0.000

Type  : Fast 850mV 85C Model Setup 'OSC_50_B8D'
Slack : 14.331
TNS   : 0.000

Type  : Fast 850mV 85C Model Setup 'altera_reserved_tck'
Slack : 14.834
TNS   : 0.000

Type  : Fast 850mV 85C Model Hold 'tx_pll_inst|pll_inst|altera_pll_i|general[0].gpll~PLL_OUTPUT_COUNTER|divclk'
Slack : 0.086
TNS   : 0.000

Type  : Fast 850mV 85C Model Hold 'HDMI_RX_PCLK'
Slack : 0.094
TNS   : 0.000

Type  : Fast 850mV 85C Model Hold 'OSC_50_B8D'
Slack : 0.095
TNS   : 0.000

Type  : Fast 850mV 85C Model Hold 'altera_reserved_tck'
Slack : 0.118
TNS   : 0.000

Type  : Fast 850mV 85C Model Hold 'HDMI_TX_PCLK'
Slack : 0.183
TNS   : 0.000

Type  : Fast 850mV 85C Model Recovery 'altera_reserved_tck'
Slack : 15.892
TNS   : 0.000

Type  : Fast 850mV 85C Model Recovery 'OSC_50_B8D'
Slack : 16.756
TNS   : 0.000

Type  : Fast 850mV 85C Model Removal 'altera_reserved_tck'
Slack : 0.298
TNS   : 0.000

Type  : Fast 850mV 85C Model Removal 'OSC_50_B8D'
Slack : 0.362
TNS   : 0.000

Type  : Fast 850mV 85C Model Minimum Pulse Width 'tx_pll_inst|pll_inst|altera_pll_i|general[0].gpll~FRACTIONAL_PLL|vcoph[0]'
Slack : 0.336
TNS   : 0.000

Type  : Fast 850mV 85C Model Minimum Pulse Width 'tx_pll_inst|pll_inst|altera_pll_i|general[1].gpll~PLL_OUTPUT_COUNTER|divclk'
Slack : 1.637
TNS   : 0.000

Type  : Fast 850mV 85C Model Minimum Pulse Width 'HDMI_RX_PCLK'
Slack : 2.521
TNS   : 0.000

Type  : Fast 850mV 85C Model Minimum Pulse Width 'tx_pll_inst|pll_inst|altera_pll_i|general[0].gpll~PLL_OUTPUT_COUNTER|divclk'
Slack : 2.740
TNS   : 0.000

Type  : Fast 850mV 85C Model Minimum Pulse Width 'OSC_50_B8D'
Slack : 9.131
TNS   : 0.000

Type  : Fast 850mV 85C Model Minimum Pulse Width 'altera_reserved_tck'
Slack : 15.929
TNS   : 0.000

Type  : Fast 850mV 0C Model Setup 'HDMI_TX_PCLK'
Slack : 0.543
TNS   : 0.000

Type  : Fast 850mV 0C Model Setup 'HDMI_RX_PCLK'
Slack : 2.508
TNS   : 0.000

Type  : Fast 850mV 0C Model Setup 'tx_pll_inst|pll_inst|altera_pll_i|general[0].gpll~PLL_OUTPUT_COUNTER|divclk'
Slack : 3.650
TNS   : 0.000

Type  : Fast 850mV 0C Model Setup 'OSC_50_B8D'
Slack : 14.731
TNS   : 0.000

Type  : Fast 850mV 0C Model Setup 'altera_reserved_tck'
Slack : 14.967
TNS   : 0.000

Type  : Fast 850mV 0C Model Hold 'tx_pll_inst|pll_inst|altera_pll_i|general[0].gpll~PLL_OUTPUT_COUNTER|divclk'
Slack : 0.085
TNS   : 0.000

Type  : Fast 850mV 0C Model Hold 'altera_reserved_tck'
Slack : 0.105
TNS   : 0.000

Type  : Fast 850mV 0C Model Hold 'HDMI_TX_PCLK'
Slack : 0.114
TNS   : 0.000

Type  : Fast 850mV 0C Model Hold 'OSC_50_B8D'
Slack : 0.139
TNS   : 0.000

Type  : Fast 850mV 0C Model Hold 'HDMI_RX_PCLK'
Slack : 0.142
TNS   : 0.000

Type  : Fast 850mV 0C Model Recovery 'altera_reserved_tck'
Slack : 15.966
TNS   : 0.000

Type  : Fast 850mV 0C Model Recovery 'OSC_50_B8D'
Slack : 17.002
TNS   : 0.000

Type  : Fast 850mV 0C Model Removal 'altera_reserved_tck'
Slack : 0.276
TNS   : 0.000

Type  : Fast 850mV 0C Model Removal 'OSC_50_B8D'
Slack : 0.386
TNS   : 0.000

Type  : Fast 850mV 0C Model Minimum Pulse Width 'tx_pll_inst|pll_inst|altera_pll_i|general[0].gpll~FRACTIONAL_PLL|vcoph[0]'
Slack : 0.336
TNS   : 0.000

Type  : Fast 850mV 0C Model Minimum Pulse Width 'tx_pll_inst|pll_inst|altera_pll_i|general[1].gpll~PLL_OUTPUT_COUNTER|divclk'
Slack : 1.653
TNS   : 0.000

Type  : Fast 850mV 0C Model Minimum Pulse Width 'HDMI_RX_PCLK'
Slack : 2.520
TNS   : 0.000

Type  : Fast 850mV 0C Model Minimum Pulse Width 'tx_pll_inst|pll_inst|altera_pll_i|general[0].gpll~PLL_OUTPUT_COUNTER|divclk'
Slack : 2.757
TNS   : 0.000

Type  : Fast 850mV 0C Model Minimum Pulse Width 'OSC_50_B8D'
Slack : 9.128
TNS   : 0.000

Type  : Fast 850mV 0C Model Minimum Pulse Width 'altera_reserved_tck'
Slack : 15.928
TNS   : 0.000

------------------------------------------------------------
