------------------------------------------------------------
Timing Analyzer Summary
------------------------------------------------------------

Type  : Slow 900mV 85C Model Setup 'pll_vg|pll_video_inst|altera_pll_i|general[0].gpll~PLL_OUTPUT_COUNTER|divclk'
Slack : -1.542
TNS   : -60.372

Type  : Slow 900mV 85C Model Setup 'MIPI_PIXEL_CLK'
Slack : 0.447
TNS   : 0.000

Type  : Slow 900mV 85C Model Setup 'altera_reserved_tck'
Slack : 12.946
TNS   : 0.000

Type  : Slow 900mV 85C Model Setup 'OSC_50_B3B'
Slack : 15.366
TNS   : 0.000

Type  : Slow 900mV 85C Model Setup 'OSC_50_B4A'
Slack : 19.970
TNS   : 0.000

Type  : Slow 900mV 85C Model Setup 'OSC_50_B4D'
Slack : 19.970
TNS   : 0.000

Type  : Slow 900mV 85C Model Setup 'pll_ref|pll_test_inst|altera_pll_i|general[1].gpll~PLL_OUTPUT_COUNTER|divclk'
Slack : 649.921
TNS   : 0.000

Type  : Slow 900mV 85C Model Hold 'pll_vg|pll_video_inst|altera_pll_i|general[0].gpll~PLL_OUTPUT_COUNTER|divclk'
Slack : 0.092
TNS   : 0.000

Type  : Slow 900mV 85C Model Hold 'pll_ref|pll_test_inst|altera_pll_i|general[1].gpll~PLL_OUTPUT_COUNTER|divclk'
Slack : 0.139
TNS   : 0.000

Type  : Slow 900mV 85C Model Hold 'MIPI_PIXEL_CLK'
Slack : 0.144
TNS   : 0.000

Type  : Slow 900mV 85C Model Hold 'OSC_50_B3B'
Slack : 0.174
TNS   : 0.000

Type  : Slow 900mV 85C Model Hold 'altera_reserved_tck'
Slack : 0.283
TNS   : 0.000

Type  : Slow 900mV 85C Model Hold 'OSC_50_B4A'
Slack : 1.250
TNS   : 0.000

Type  : Slow 900mV 85C Model Hold 'OSC_50_B4D'
Slack : 1.250
TNS   : 0.000

Type  : Slow 900mV 85C Model Recovery 'pll_ref|pll_test_inst|altera_pll_i|general[1].gpll~PLL_OUTPUT_COUNTER|divclk'
Slack : -1.625
TNS   : -20.624

Type  : Slow 900mV 85C Model Recovery 'pll_vg|pll_video_inst|altera_pll_i|general[0].gpll~PLL_OUTPUT_COUNTER|divclk'
Slack : 11.942
TNS   : 0.000

Type  : Slow 900mV 85C Model Recovery 'altera_reserved_tck'
Slack : 31.381
TNS   : 0.000

Type  : Slow 900mV 85C Model Removal 'pll_ref|pll_test_inst|altera_pll_i|general[1].gpll~PLL_OUTPUT_COUNTER|divclk'
Slack : 0.249
TNS   : 0.000

Type  : Slow 900mV 85C Model Removal 'altera_reserved_tck'
Slack : 0.536
TNS   : 0.000

Type  : Slow 900mV 85C Model Removal 'pll_vg|pll_video_inst|altera_pll_i|general[0].gpll~PLL_OUTPUT_COUNTER|divclk'
Slack : 0.651
TNS   : 0.000

Type  : Slow 900mV 85C Model Minimum Pulse Width 'pll_vg|pll_video_inst|altera_pll_i|general[0].gpll~FRACTIONAL_PLL|vcoph[0]'
Slack : 0.612
TNS   : 0.000

Type  : Slow 900mV 85C Model Minimum Pulse Width 'pll_ref|pll_test_inst|altera_pll_i|general[0].gpll~FRACTIONAL_PLL|vcoph[0]'
Slack : 0.641
TNS   : 0.000

Type  : Slow 900mV 85C Model Minimum Pulse Width 'MIPI_PIXEL_CLK'
Slack : 4.304
TNS   : 0.000

Type  : Slow 900mV 85C Model Minimum Pulse Width 'pll_vg|pll_video_inst|altera_pll_i|general[0].gpll~PLL_OUTPUT_COUNTER|divclk'
Slack : 6.055
TNS   : 0.000

Type  : Slow 900mV 85C Model Minimum Pulse Width 'OSC_50_B3B'
Slack : 9.261
TNS   : 0.000

Type  : Slow 900mV 85C Model Minimum Pulse Width 'OSC_50_B4D'
Slack : 9.834
TNS   : 0.000

Type  : Slow 900mV 85C Model Minimum Pulse Width 'OSC_50_B4A'
Slack : 9.837
TNS   : 0.000

Type  : Slow 900mV 85C Model Minimum Pulse Width 'altera_reserved_tck'
Slack : 16.047
TNS   : 0.000

Type  : Slow 900mV 85C Model Minimum Pulse Width 'pll_ref|pll_test_inst|altera_pll_i|general[1].gpll~PLL_OUTPUT_COUNTER|divclk'
Slack : 325.104
TNS   : 0.000

Type  : Slow 900mV 0C Model Setup 'pll_vg|pll_video_inst|altera_pll_i|general[0].gpll~PLL_OUTPUT_COUNTER|divclk'
Slack : -1.309
TNS   : -48.380

Type  : Slow 900mV 0C Model Setup 'MIPI_PIXEL_CLK'
Slack : 1.193
TNS   : 0.000

Type  : Slow 900mV 0C Model Setup 'altera_reserved_tck'
Slack : 13.044
TNS   : 0.000

Type  : Slow 900mV 0C Model Setup 'OSC_50_B3B'
Slack : 15.724
TNS   : 0.000

Type  : Slow 900mV 0C Model Setup 'OSC_50_B4A'
Slack : 19.970
TNS   : 0.000

Type  : Slow 900mV 0C Model Setup 'OSC_50_B4D'
Slack : 19.970
TNS   : 0.000

Type  : Slow 900mV 0C Model Setup 'pll_ref|pll_test_inst|altera_pll_i|general[1].gpll~PLL_OUTPUT_COUNTER|divclk'
Slack : 649.994
TNS   : 0.000

Type  : Slow 900mV 0C Model Hold 'pll_vg|pll_video_inst|altera_pll_i|general[0].gpll~PLL_OUTPUT_COUNTER|divclk'
Slack : 0.177
TNS   : 0.000

Type  : Slow 900mV 0C Model Hold 'pll_ref|pll_test_inst|altera_pll_i|general[1].gpll~PLL_OUTPUT_COUNTER|divclk'
Slack : 0.208
TNS   : 0.000

Type  : Slow 900mV 0C Model Hold 'MIPI_PIXEL_CLK'
Slack : 0.249
TNS   : 0.000

Type  : Slow 900mV 0C Model Hold 'OSC_50_B3B'
Slack : 0.269
TNS   : 0.000

Type  : Slow 900mV 0C Model Hold 'altera_reserved_tck'
Slack : 0.276
TNS   : 0.000

Type  : Slow 900mV 0C Model Hold 'OSC_50_B4A'
Slack : 1.250
TNS   : 0.000

Type  : Slow 900mV 0C Model Hold 'OSC_50_B4D'
Slack : 1.250
TNS   : 0.000

Type  : Slow 900mV 0C Model Recovery 'pll_ref|pll_test_inst|altera_pll_i|general[1].gpll~PLL_OUTPUT_COUNTER|divclk'
Slack : -1.196
TNS   : -15.114

Type  : Slow 900mV 0C Model Recovery 'pll_vg|pll_video_inst|altera_pll_i|general[0].gpll~PLL_OUTPUT_COUNTER|divclk'
Slack : 12.109
TNS   : 0.000

Type  : Slow 900mV 0C Model Recovery 'altera_reserved_tck'
Slack : 31.541
TNS   : 0.000

Type  : Slow 900mV 0C Model Removal 'pll_ref|pll_test_inst|altera_pll_i|general[1].gpll~PLL_OUTPUT_COUNTER|divclk'
Slack : 0.072
TNS   : 0.000

Type  : Slow 900mV 0C Model Removal 'altera_reserved_tck'
Slack : 0.505
TNS   : 0.000

Type  : Slow 900mV 0C Model Removal 'pll_vg|pll_video_inst|altera_pll_i|general[0].gpll~PLL_OUTPUT_COUNTER|divclk'
Slack : 0.664
TNS   : 0.000

Type  : Slow 900mV 0C Model Minimum Pulse Width 'pll_vg|pll_video_inst|altera_pll_i|general[0].gpll~FRACTIONAL_PLL|vcoph[0]'
Slack : 0.612
TNS   : 0.000

Type  : Slow 900mV 0C Model Minimum Pulse Width 'pll_ref|pll_test_inst|altera_pll_i|general[0].gpll~FRACTIONAL_PLL|vcoph[0]'
Slack : 0.641
TNS   : 0.000

Type  : Slow 900mV 0C Model Minimum Pulse Width 'MIPI_PIXEL_CLK'
Slack : 4.431
TNS   : 0.000

Type  : Slow 900mV 0C Model Minimum Pulse Width 'pll_vg|pll_video_inst|altera_pll_i|general[0].gpll~PLL_OUTPUT_COUNTER|divclk'
Slack : 6.044
TNS   : 0.000

Type  : Slow 900mV 0C Model Minimum Pulse Width 'OSC_50_B3B'
Slack : 9.219
TNS   : 0.000

Type  : Slow 900mV 0C Model Minimum Pulse Width 'OSC_50_B4A'
Slack : 9.777
TNS   : 0.000

Type  : Slow 900mV 0C Model Minimum Pulse Width 'OSC_50_B4D'
Slack : 9.934
TNS   : 0.000

Type  : Slow 900mV 0C Model Minimum Pulse Width 'altera_reserved_tck'
Slack : 16.150
TNS   : 0.000

Type  : Slow 900mV 0C Model Minimum Pulse Width 'pll_ref|pll_test_inst|altera_pll_i|general[1].gpll~PLL_OUTPUT_COUNTER|divclk'
Slack : 325.098
TNS   : 0.000

Type  : Fast 900mV 85C Model Setup 'pll_vg|pll_video_inst|altera_pll_i|general[0].gpll~PLL_OUTPUT_COUNTER|divclk'
Slack : -0.956
TNS   : -38.372

Type  : Fast 900mV 85C Model Setup 'MIPI_PIXEL_CLK'
Slack : 1.474
TNS   : 0.000

Type  : Fast 900mV 85C Model Setup 'altera_reserved_tck'
Slack : 14.520
TNS   : 0.000

Type  : Fast 900mV 85C Model Setup 'OSC_50_B3B'
Slack : 17.112
TNS   : 0.000

Type  : Fast 900mV 85C Model Setup 'OSC_50_B4A'
Slack : 19.970
TNS   : 0.000

Type  : Fast 900mV 85C Model Setup 'OSC_50_B4D'
Slack : 19.970
TNS   : 0.000

Type  : Fast 900mV 85C Model Setup 'pll_ref|pll_test_inst|altera_pll_i|general[1].gpll~PLL_OUTPUT_COUNTER|divclk'
Slack : 650.401
TNS   : 0.000

Type  : Fast 900mV 85C Model Hold 'pll_vg|pll_video_inst|altera_pll_i|general[0].gpll~PLL_OUTPUT_COUNTER|divclk'
Slack : 0.087
TNS   : 0.000

Type  : Fast 900mV 85C Model Hold 'pll_ref|pll_test_inst|altera_pll_i|general[1].gpll~PLL_OUTPUT_COUNTER|divclk'
Slack : 0.095
TNS   : 0.000

Type  : Fast 900mV 85C Model Hold 'MIPI_PIXEL_CLK'
Slack : 0.101
TNS   : 0.000

Type  : Fast 900mV 85C Model Hold 'OSC_50_B3B'
Slack : 0.106
TNS   : 0.000

Type  : Fast 900mV 85C Model Hold 'altera_reserved_tck'
Slack : 0.156
TNS   : 0.000

Type  : Fast 900mV 85C Model Hold 'OSC_50_B4A'
Slack : 1.250
TNS   : 0.000

Type  : Fast 900mV 85C Model Hold 'OSC_50_B4D'
Slack : 1.250
TNS   : 0.000

Type  : Fast 900mV 85C Model Recovery 'pll_ref|pll_test_inst|altera_pll_i|general[1].gpll~PLL_OUTPUT_COUNTER|divclk'
Slack : -0.962
TNS   : -12.207

Type  : Fast 900mV 85C Model Recovery 'pll_vg|pll_video_inst|altera_pll_i|general[0].gpll~PLL_OUTPUT_COUNTER|divclk'
Slack : 12.397
TNS   : 0.000

Type  : Fast 900mV 85C Model Recovery 'altera_reserved_tck'
Slack : 32.015
TNS   : 0.000

Type  : Fast 900mV 85C Model Removal 'altera_reserved_tck'
Slack : 0.309
TNS   : 0.000

Type  : Fast 900mV 85C Model Removal 'pll_ref|pll_test_inst|altera_pll_i|general[1].gpll~PLL_OUTPUT_COUNTER|divclk'
Slack : 0.382
TNS   : 0.000

Type  : Fast 900mV 85C Model Removal 'pll_vg|pll_video_inst|altera_pll_i|general[0].gpll~PLL_OUTPUT_COUNTER|divclk'
Slack : 0.478
TNS   : 0.000

Type  : Fast 900mV 85C Model Minimum Pulse Width 'pll_vg|pll_video_inst|altera_pll_i|general[0].gpll~FRACTIONAL_PLL|vcoph[0]'
Slack : 0.612
TNS   : 0.000

Type  : Fast 900mV 85C Model Minimum Pulse Width 'pll_ref|pll_test_inst|altera_pll_i|general[0].gpll~FRACTIONAL_PLL|vcoph[0]'
Slack : 0.641
TNS   : 0.000

Type  : Fast 900mV 85C Model Minimum Pulse Width 'MIPI_PIXEL_CLK'
Slack : 4.041
TNS   : 0.000

Type  : Fast 900mV 85C Model Minimum Pulse Width 'pll_vg|pll_video_inst|altera_pll_i|general[0].gpll~PLL_OUTPUT_COUNTER|divclk'
Slack : 6.123
TNS   : 0.000

Type  : Fast 900mV 85C Model Minimum Pulse Width 'OSC_50_B4D'
Slack : 9.560
TNS   : 0.000

Type  : Fast 900mV 85C Model Minimum Pulse Width 'OSC_50_B3B'
Slack : 9.618
TNS   : 0.000

Type  : Fast 900mV 85C Model Minimum Pulse Width 'OSC_50_B4A'
Slack : 9.956
TNS   : 0.000

Type  : Fast 900mV 85C Model Minimum Pulse Width 'altera_reserved_tck'
Slack : 15.939
TNS   : 0.000

Type  : Fast 900mV 85C Model Minimum Pulse Width 'pll_ref|pll_test_inst|altera_pll_i|general[1].gpll~PLL_OUTPUT_COUNTER|divclk'
Slack : 325.312
TNS   : 0.000

Type  : Fast 900mV 0C Model Setup 'pll_vg|pll_video_inst|altera_pll_i|general[0].gpll~PLL_OUTPUT_COUNTER|divclk'
Slack : -0.748
TNS   : -29.912

Type  : Fast 900mV 0C Model Setup 'MIPI_PIXEL_CLK'
Slack : 1.600
TNS   : 0.000

Type  : Fast 900mV 0C Model Setup 'altera_reserved_tck'
Slack : 14.672
TNS   : 0.000

Type  : Fast 900mV 0C Model Setup 'OSC_50_B3B'
Slack : 17.308
TNS   : 0.000

Type  : Fast 900mV 0C Model Setup 'OSC_50_B4A'
Slack : 19.970
TNS   : 0.000

Type  : Fast 900mV 0C Model Setup 'OSC_50_B4D'
Slack : 19.970
TNS   : 0.000

Type  : Fast 900mV 0C Model Setup 'pll_ref|pll_test_inst|altera_pll_i|general[1].gpll~PLL_OUTPUT_COUNTER|divclk'
Slack : 650.496
TNS   : 0.000

Type  : Fast 900mV 0C Model Hold 'pll_vg|pll_video_inst|altera_pll_i|general[0].gpll~PLL_OUTPUT_COUNTER|divclk'
Slack : 0.131
TNS   : 0.000

Type  : Fast 900mV 0C Model Hold 'altera_reserved_tck'
Slack : 0.140
TNS   : 0.000

Type  : Fast 900mV 0C Model Hold 'pll_ref|pll_test_inst|altera_pll_i|general[1].gpll~PLL_OUTPUT_COUNTER|divclk'
Slack : 0.140
TNS   : 0.000

Type  : Fast 900mV 0C Model Hold 'MIPI_PIXEL_CLK'
Slack : 0.141
TNS   : 0.000

Type  : Fast 900mV 0C Model Hold 'OSC_50_B3B'
Slack : 0.152
TNS   : 0.000

Type  : Fast 900mV 0C Model Hold 'OSC_50_B4A'
Slack : 1.250
TNS   : 0.000

Type  : Fast 900mV 0C Model Hold 'OSC_50_B4D'
Slack : 1.250
TNS   : 0.000

Type  : Fast 900mV 0C Model Recovery 'pll_ref|pll_test_inst|altera_pll_i|general[1].gpll~PLL_OUTPUT_COUNTER|divclk'
Slack : -0.769
TNS   : -9.734

Type  : Fast 900mV 0C Model Recovery 'pll_vg|pll_video_inst|altera_pll_i|general[0].gpll~PLL_OUTPUT_COUNTER|divclk'
Slack : 12.512
TNS   : 0.000

Type  : Fast 900mV 0C Model Recovery 'altera_reserved_tck'
Slack : 32.104
TNS   : 0.000

Type  : Fast 900mV 0C Model Removal 'pll_ref|pll_test_inst|altera_pll_i|general[1].gpll~PLL_OUTPUT_COUNTER|divclk'
Slack : 0.283
TNS   : 0.000

Type  : Fast 900mV 0C Model Removal 'altera_reserved_tck'
Slack : 0.299
TNS   : 0.000

Type  : Fast 900mV 0C Model Removal 'pll_vg|pll_video_inst|altera_pll_i|general[0].gpll~PLL_OUTPUT_COUNTER|divclk'
Slack : 0.482
TNS   : 0.000

Type  : Fast 900mV 0C Model Minimum Pulse Width 'pll_vg|pll_video_inst|altera_pll_i|general[0].gpll~FRACTIONAL_PLL|vcoph[0]'
Slack : 0.612
TNS   : 0.000

Type  : Fast 900mV 0C Model Minimum Pulse Width 'pll_ref|pll_test_inst|altera_pll_i|general[0].gpll~FRACTIONAL_PLL|vcoph[0]'
Slack : 0.641
TNS   : 0.000

Type  : Fast 900mV 0C Model Minimum Pulse Width 'MIPI_PIXEL_CLK'
Slack : 4.025
TNS   : 0.000

Type  : Fast 900mV 0C Model Minimum Pulse Width 'pll_vg|pll_video_inst|altera_pll_i|general[0].gpll~PLL_OUTPUT_COUNTER|divclk'
Slack : 6.140
TNS   : 0.000

Type  : Fast 900mV 0C Model Minimum Pulse Width 'OSC_50_B4D'
Slack : 9.577
TNS   : 0.000

Type  : Fast 900mV 0C Model Minimum Pulse Width 'OSC_50_B3B'
Slack : 9.620
TNS   : 0.000

Type  : Fast 900mV 0C Model Minimum Pulse Width 'OSC_50_B4A'
Slack : 9.940
TNS   : 0.000

Type  : Fast 900mV 0C Model Minimum Pulse Width 'altera_reserved_tck'
Slack : 15.942
TNS   : 0.000

Type  : Fast 900mV 0C Model Minimum Pulse Width 'pll_ref|pll_test_inst|altera_pll_i|general[1].gpll~PLL_OUTPUT_COUNTER|divclk'
Slack : 325.330
TNS   : 0.000

------------------------------------------------------------
