Archive member included to satisfy reference by file (symbol)

d:/intelfpga/16.1/nios2eds/bin/gnu/h-x86_64-mingw32/bin/../lib/gcc/nios2-elf/5.3.0/mhw-mulx\libgcc.a(floatsisf.o)
                              obj/default/main.o (__floatsisf)
d:/intelfpga/16.1/nios2eds/bin/gnu/h-x86_64-mingw32/bin/../lib/gcc/nios2-elf/5.3.0/mhw-mulx\libgcc.a(floatunsisf.o)
                              obj/default/main.o (__floatunsisf)
d:/intelfpga/16.1/nios2eds/bin/gnu/h-x86_64-mingw32/bin/../lib/gcc/nios2-elf/5.3.0/mhw-mulx\libgcc.a(adddf3.o)
                              obj/default/main.o (__adddf3)
d:/intelfpga/16.1/nios2eds/bin/gnu/h-x86_64-mingw32/bin/../lib/gcc/nios2-elf/5.3.0/mhw-mulx\libgcc.a(divdf3.o)
                              obj/default/main.o (__divdf3)
d:/intelfpga/16.1/nios2eds/bin/gnu/h-x86_64-mingw32/bin/../lib/gcc/nios2-elf/5.3.0/mhw-mulx\libgcc.a(extendsfdf2.o)
                              obj/default/main.o (__extendsfdf2)
d:/intelfpga/16.1/nios2eds/bin/gnu/h-x86_64-mingw32/bin/../lib/gcc/nios2-elf/5.3.0/mhw-mulx\libgcc.a(truncdfsf2.o)
                              obj/default/main.o (__truncdfsf2)
d:/intelfpga/16.1/nios2eds/bin/gnu/h-x86_64-mingw32/bin/../lib/gcc/nios2-elf/5.3.0/mhw-mulx\libgcc.a(_clzsi2.o)
                              d:/intelfpga/16.1/nios2eds/bin/gnu/h-x86_64-mingw32/bin/../lib/gcc/nios2-elf/5.3.0/mhw-mulx\libgcc.a(floatsisf.o) (__clzsi2)
d:/intelfpga/16.1/nios2eds/bin/gnu/h-x86_64-mingw32/bin/../lib/gcc/nios2-elf/5.3.0/mhw-mulx\libgcc.a(lib2-divmod.o)
                              d:/intelfpga/16.1/nios2eds/bin/gnu/h-x86_64-mingw32/bin/../lib/gcc/nios2-elf/5.3.0/mhw-mulx\libgcc.a(divdf3.o) (__udivsi3)
d:/intelfpga/16.1/nios2eds/bin/gnu/h-x86_64-mingw32/bin/../lib/gcc/nios2-elf/5.3.0/mhw-mulx\libgcc.a(_clz.o)
                              d:/intelfpga/16.1/nios2eds/bin/gnu/h-x86_64-mingw32/bin/../lib/gcc/nios2-elf/5.3.0/mhw-mulx\libgcc.a(_clzsi2.o) (__clz_tab)
d:/intelfpga/16.1/nios2eds/bin/gnu/h-x86_64-mingw32/bin/../lib/gcc/nios2-elf/5.3.0/../../../../../H-x86_64-mingw32/nios2-elf/lib/mhw-mulx\libc.a(lib_a-printf.o)
                              obj/default/HDMI_RX.o (printf)
d:/intelfpga/16.1/nios2eds/bin/gnu/h-x86_64-mingw32/bin/../lib/gcc/nios2-elf/5.3.0/../../../../../H-x86_64-mingw32/nios2-elf/lib/mhw-mulx\libc.a(lib_a-puts.o)
                              obj/default/HDMI_RX.o (puts)
d:/intelfpga/16.1/nios2eds/bin/gnu/h-x86_64-mingw32/bin/../lib/gcc/nios2-elf/5.3.0/../../../../../H-x86_64-mingw32/nios2-elf/lib/mhw-mulx\libc.a(lib_a-sprintf.o)
                              obj/default/terasic_lib/debug.o (sprintf)
d:/intelfpga/16.1/nios2eds/bin/gnu/h-x86_64-mingw32/bin/../lib/gcc/nios2-elf/5.3.0/../../../../../H-x86_64-mingw32/nios2-elf/lib/mhw-mulx\libc.a(lib_a-strlen.o)
                              d:/intelfpga/16.1/nios2eds/bin/gnu/h-x86_64-mingw32/bin/../lib/gcc/nios2-elf/5.3.0/../../../../../H-x86_64-mingw32/nios2-elf/lib/mhw-mulx\libc.a(lib_a-puts.o) (strlen)
d:/intelfpga/16.1/nios2eds/bin/gnu/h-x86_64-mingw32/bin/../lib/gcc/nios2-elf/5.3.0/../../../../../H-x86_64-mingw32/nios2-elf/lib/mhw-mulx\libc.a(lib_a-svfprintf.o)
                              d:/intelfpga/16.1/nios2eds/bin/gnu/h-x86_64-mingw32/bin/../lib/gcc/nios2-elf/5.3.0/../../../../../H-x86_64-mingw32/nios2-elf/lib/mhw-mulx\libc.a(lib_a-sprintf.o) (___svfprintf_internal_r)
d:/intelfpga/16.1/nios2eds/bin/gnu/h-x86_64-mingw32/bin/../lib/gcc/nios2-elf/5.3.0/../../../../../H-x86_64-mingw32/nios2-elf/lib/mhw-mulx\libc.a(lib_a-vfprintf.o)
                              d:/intelfpga/16.1/nios2eds/bin/gnu/h-x86_64-mingw32/bin/../lib/gcc/nios2-elf/5.3.0/../../../../../H-x86_64-mingw32/nios2-elf/lib/mhw-mulx\libc.a(lib_a-printf.o) (___vfprintf_internal_r)
d:/intelfpga/16.1/nios2eds/bin/gnu/h-x86_64-mingw32/bin/../lib/gcc/nios2-elf/5.3.0/../../../../../H-x86_64-mingw32/nios2-elf/lib/mhw-mulx\libc.a(lib_a-vsnprintf.o)
                              obj/default/terasic_lib/debug.o (vsnprintf)
d:/intelfpga/16.1/nios2eds/bin/gnu/h-x86_64-mingw32/bin/../lib/gcc/nios2-elf/5.3.0/../../../../../H-x86_64-mingw32/nios2-elf/lib/mhw-mulx\libc.a(lib_a-wsetup.o)
                              d:/intelfpga/16.1/nios2eds/bin/gnu/h-x86_64-mingw32/bin/../lib/gcc/nios2-elf/5.3.0/../../../../../H-x86_64-mingw32/nios2-elf/lib/mhw-mulx\libc.a(lib_a-vfprintf.o) (__swsetup_r)
d:/intelfpga/16.1/nios2eds/bin/gnu/h-x86_64-mingw32/bin/../lib/gcc/nios2-elf/5.3.0/../../../../../H-x86_64-mingw32/nios2-elf/lib/mhw-mulx\libc.a(lib_a-dtoa.o)
                              d:/intelfpga/16.1/nios2eds/bin/gnu/h-x86_64-mingw32/bin/../lib/gcc/nios2-elf/5.3.0/../../../../../H-x86_64-mingw32/nios2-elf/lib/mhw-mulx\libc.a(lib_a-svfprintf.o) (_dtoa_r)
d:/intelfpga/16.1/nios2eds/bin/gnu/h-x86_64-mingw32/bin/../lib/gcc/nios2-elf/5.3.0/../../../../../H-x86_64-mingw32/nios2-elf/lib/mhw-mulx\libc.a(lib_a-fflush.o)
[...]
Memory Configuration

Name             Origin             Length             Attributes
reset            0x0000000000040000 0x0000000000000020
onchip_memory2   0x0000000000040020 0x000000000003e7e0
*default*        0x0000000000000000 0xffffffffffffffff

Linker script and memory map

LOAD ../TR5_FMC_HDMI_bsp//obj/HAL/src/crt0.o
LOAD obj/default/HDMI_RX.o
LOAD obj/default/HDMI_TX.o
LOAD obj/default/main.o
LOAD obj/default/terasic_lib/I2C.o
LOAD obj/default/terasic_lib/debug.o
LOAD d:/intelfpga/16.1/nios2eds/bin/gnu/h-x86_64-mingw32/bin/../lib/gcc/nios2-elf/5.3.0/../../../../../H-x86_64-mingw32/nios2-elf/lib/mhw-mulx\libm.a
LOAD d:/intelfpga/16.1/nios2eds/bin/gnu/h-x86_64-mingw32/bin/../lib/gcc/nios2-elf/5.3.0/../../../../../H-x86_64-mingw32/nios2-elf/lib/mhw-mulx\libstdc++.a
LOAD d:/intelfpga/16.1/nios2eds/bin/gnu/h-x86_64-mingw32/bin/../lib/gcc/nios2-elf/5.3.0/../../../../../H-x86_64-mingw32/nios2-elf/lib/mhw-mulx\libm.a
LOAD d:/intelfpga/16.1/nios2eds/bin/gnu/h-x86_64-mingw32/bin/../lib/gcc/nios2-elf/5.3.0/mhw-mulx\libgcc.a
START GROUP
LOAD d:/intelfpga/16.1/nios2eds/bin/gnu/h-x86_64-mingw32/bin/../lib/gcc/nios2-elf/5.3.0/../../../../../H-x86_64-mingw32/nios2-elf/lib/mhw-mulx\libc.a
LOAD d:/intelfpga/16.1/nios2eds/bin/gnu/h-x86_64-mingw32/bin/../lib/gcc/nios2-elf/5.3.0/mhw-mulx\libgcc.a
LOAD ../TR5_FMC_HDMI_bsp\libhal_bsp.a
LOAD d:/intelfpga/16.1/nios2eds/bin/gnu/h-x86_64-mingw32/bin/../lib/gcc/nios2-elf/5.3.0/../../../../../H-x86_64-mingw32/nios2-elf/lib/mhw-mulx\libm.a
END GROUP
LOAD d:/intelfpga/16.1/nios2eds/bin/gnu/h-x86_64-mingw32/bin/../lib/gcc/nios2-elf/5.3.0/mhw-mulx\libgcc.a
                0x0000000000040000                __alt_mem_onchip_memory2 = 0x40000

.entry          0x0000000000040000       0x20
 *(.entry)
 .entry         0x0000000000040000       0x20 ../TR5_FMC_HDMI_bsp//obj/HAL/src/crt0.o
                0x0000000000040000                __reset

.exceptions     0x0000000000040020      0x224
                0x0000000000040020                PROVIDE (__ram_exceptions_start, ABSOLUTE (.))
                0x0000000000040020                . = ALIGN (0x20)
 *(.irq)
 *(.exceptions.entry.label)
 .exceptions.entry.label
                0x0000000000040020        0x0 ../TR5_FMC_HDMI_bsp\libhal_bsp.a(alt_irq_entry.o)
                0x0000000000040020                alt_irq_entry
 .exceptions.entry.label
                0x0000000000040020        0x0 ../TR5_FMC_HDMI_bsp\libhal_bsp.a(alt_exception_entry.o)
                0x0000000000040020                alt_exception
 *(.exceptions.entry.user)
 *(.exceptions.entry.ecc_fatal)
 *(.exceptions.entry)
 .exceptions.entry
                0x0000000000040020       0x54 ../TR5_FMC_HDMI_bsp\libhal_bsp.a(alt_exception_entry.o)
 *(.exceptions.irqtest.user)
 *(.exceptions.irqtest)
 .exceptions.irqtest
                0x0000000000040074       0x10 ../TR5_FMC_HDMI_bsp\libhal_bsp.a(alt_irq_entry.o)
 *(.exceptions.irqhandler.user)
 *(.exceptions.irqhandler)
 .exceptions.irqhandler
                0x0000000000040084        0x4 ../TR5_FMC_HDMI_bsp\libhal_bsp.a(alt_irq_entry.o)
 *(.exceptions.irqreturn.user)
 *(.exceptions.irqreturn)
 .exceptions.irqreturn
                0x0000000000040088        0x4 ../TR5_FMC_HDMI_bsp\libhal_bsp.a(alt_irq_entry.o)
 *(.exceptions.notirq.label)
 .exceptions.notirq.label
                0x000000000004008c        0x0 ../TR5_FMC_HDMI_bsp\libhal_bsp.a(alt_irq_entry.o)
 *(.exceptions.notirq.user)
 *(.exceptions.notirq)
 .exceptions.notirq
                0x000000000004008c        0x8 ../TR5_FMC_HDMI_bsp\libhal_bsp.a(alt_exception_entry.o)
 *(.exceptions.soft.user)
 *(.exceptions.soft)
 *(.exceptions.unknown.user)
 *(.exceptions.unknown)
 .exceptions.unknown
                0x0000000000040094       0x14 ../TR5_FMC_HDMI_bsp\libhal_bsp.a(alt_exception_entry.o)
 *(.exceptions.exit.label)
 .exceptions.exit.label
                0x00000000000400a8        0x0 ../TR5_FMC_HDMI_bsp\libhal_bsp.a(alt_irq_entry.o)
 .exceptions.exit.label
                0x00000000000400a8        0x0 ../TR5_FMC_HDMI_bsp\libhal_bsp.a(alt_exception_entry.o)
 *(.exceptions.exit.user)
 *(.exceptions.exit)
 .exceptions.exit
                0x00000000000400a8       0x54 ../TR5_FMC_HDMI_bsp\libhal_bsp.a(alt_exception_entry.o)
 *(.exceptions)
 .exceptions    0x00000000000400fc       0xd4 ../TR5_FMC_HDMI_bsp\libhal_bsp.a(alt_irq_handler.o)
                0x00000000000400fc                alt_irq_handler
 .exceptions    0x00000000000401d0       0x74 ../TR5_FMC_HDMI_bsp\libhal_bsp.a(alt_instruction_exception_entry.o)
                0x00000000000401d0                alt_instruction_exception_entry
                0x0000000000040244                PROVIDE (__ram_exceptions_end, ABSOLUTE (.))
                0x0000000000040020                PROVIDE (__flash_exceptions_start, LOADADDR (.exceptions))

.text           0x0000000000040244    0x15300
                [!provide]                        PROVIDE (stext, ABSOLUTE (.))
 *(.interp)
 *(.hash)
 *(.dynsym)
 *(.dynstr)
 *(.gnu.version)
 *(.gnu.version_d)
 *(.gnu.version_r)
 *(.rel.init)
 *(.rela.init)
 *(.rel.text .rel.text.* .rel.gnu.linkonce.t.*)
 *(.rela.text .rela.text.* .rela.gnu.linkonce.t.*)
 *(.rel.fini)
 *(.rela.fini)
 *(.rel.rodata .rel.rodata.* .rel.gnu.linkonce.r.*)
 *(.rela.rodata .rela.rodata.* .rela.gnu.linkonce.r.*)
 *(.rel.data .rel.data.* .rel.gnu.linkonce.d.*)
 *(.rela.data .rela.data.* .rela.gnu.linkonce.d.*)
 *(.rel.tdata .rel.tdata.* .rel.gnu.linkonce.td.*)
 *(.rela.tdata .rela.tdata.* .rela.gnu.linkonce.td.*)
 *(.rel.tbss .rel.tbss.* .rel.gnu.linkonce.tb.*)
 *(.rela.tbss .rela.tbss.* .rela.gnu.linkonce.tb.*)
 *(.rel.ctors)
 *(.rela.ctors)
 *(.rel.dtors)
 *(.rela.dtors)
 *(.rel.got)
 *(.rela.got)
 *(.rel.sdata .rel.sdata.* .rel.gnu.linkonce.s.*)
 *(.rela.sdata .rela.sdata.* .rela.gnu.linkonce.s.*)
 *(.rel.sbss .rel.sbss.* .rel.gnu.linkonce.sb.*)
 *(.rela.sbss .rela.sbss.* .rela.gnu.linkonce.sb.*)
 *(.rel.sdata2 .rel.sdata2.* .rel.gnu.linkonce.s2.*)
 *(.rela.sdata2 .rela.sdata2.* .rela.gnu.linkonce.s2.*)
 *(.rel.sbss2 .rel.sbss2.* .rel.gnu.linkonce.sb2.*)
 *(.rela.sbss2 .rela.sbss2.* .rela.gnu.linkonce.sb2.*)
 *(.rel.bss .rel.bss.* .rel.gnu.linkonce.b.*)
 *(.rela.bss .rela.bss.* .rela.gnu.linkonce.b.*)
 *(.rel.plt)
 *(.rela.plt)
 *(.rel.dyn)
 *(.init)
 *(.plt)
 *(.text .stub .text.* .gnu.linkonce.t.*)
 .text          0x0000000000040244       0x4c ../TR5_FMC_HDMI_bsp//obj/HAL/src/crt0.o
                0x0000000000040244                _start
 .text          0x0000000000040290      0x660 obj/default/HDMI_RX.o
                0x0000000000040290                HDMIRX_WriteEeprom
                0x0000000000040354                HDMIRX_VerifyEeprom
                0x0000000000040470                hdmi_rx_regwrite
                0x00000000000404f4                hdmi_DE_REGEN_FILTER_STATUS
                0x0000000000040564                hdmi_read_video_statue
                0x0000000000040648                hdmi_port_enable
                0x00000000000406c8                hdmi_port_detect_st_cl
                0x000000000004074c                hdmi_port_detect_st_raw
                0x0000000000040860                hdmi_interrupt_init
 .text          0x00000000000408f0      0x62c obj/default/HDMI_TX.o
                0x00000000000408f0                HDMI_TX_ReadI2C_ByteN_0
                0x000000000004099c                HDMI_TX_WriteI2C_ByteN_0
                0x0000000000040a50                HDMI_TX_ReadI2C_Byte_0
                0x0000000000040a98                HDMI_TX_WriteI2C_Byte_0
                0x0000000000040ae8                HDMI_TX_TPI_Mode_Enable
                0x0000000000040b54                HDMI_TX_Reset
                0x0000000000040be4                HDMI_TX_ChipVerify
                0x0000000000040d1c                InitSII9136
                0x0000000000040eb8                HDMI_TX_Init
 .text          0x0000000000040f1c      0xd7c obj/default/main.o
                0x0000000000040f1c                IsPortDetected
                0x0000000000040fe0                IsTmdsClockDetected
                0x000000000004107c                Meaurement
                0x0000000000041764                WriteRxEDID
                0x00000000000418c4                main
 .text          0x0000000000041c98      0x808 obj/default/terasic_lib/I2C.o
                0x0000000000041c98                I2C_Open
                0x0000000000041cf0                I2C_Close
                0x0000000000041d38                I2C_Write
                0x0000000000041e4c                I2C_Read
                0x0000000000041f88                I2C_MultipleRead
                0x0000000000042114                i2c_start
                0x00000000000421a0                i2c_stop
                0x0000000000042218                i2c_write
                0x0000000000042344                i2c_read
 .text          0x00000000000424a0      0x1b8 obj/default/terasic_lib/debug.o
                0x00000000000424a0                debug_output
                0x00000000000424d4                myprintf
                0x0000000000042540                myprintf_hexarray
                0x00000000000425c8                myprintf_dwordarray
 .text          0x0000000000042658      0x124 d:/intelfpga/16.1/nios2eds/bin/gnu/h-x86_64-mingw32/bin/../lib/gcc/nios2-elf/5.3.0/mhw-mulx\libgcc.a(floatsisf.o)
                0x0000000000042658                __floatsisf
 .text          0x000000000004277c       0xf0 d:/intelfpga/16.1/nios2eds/bin/gnu/h-x86_64-mingw32/bin/../lib/gcc/nios2-elf/5.3.0/mhw-mulx\libgcc.a(floatunsisf.o)
                0x000000000004277c                __floatunsisf
 .text          0x000000000004286c      0x8ac d:/intelfpga/16.1/nios2eds/bin/gnu/h-x86_64-mingw32/bin/../lib/gcc/nios2-elf/5.3.0/mhw-mulx\libgcc.a(adddf3.o)
                0x000000000004286c                __adddf3
 .text          0x0000000000043118      0x8e8 d:/intelfpga/16.1/nios2eds/bin/gnu/h-x86_64-mingw32/bin/../lib/gcc/nios2-elf/5.3.0/mhw-mulx\libgcc.a(divdf3.o)
                0x0000000000043118                __divdf3
 .text          0x0000000000043a00      0x110 d:/intelfpga/16.1/nios2eds/bin/gnu/h-x86_64-mingw32/bin/../lib/gcc/nios2-elf/5.3.0/mhw-mulx\libgcc.a(extendsfdf2.o)
                0x0000000000043a00                __extendsfdf2
 .text          0x0000000000043b10      0x1a8 d:/intelfpga/16.1/nios2eds/bin/gnu/h-x86_64-mingw32/bin/../lib/gcc/nios2-elf/5.3.0/mhw-mulx\libgcc.a(truncdfsf2.o)
                0x0000000000043b10                __truncdfsf2
 .text          0x0000000000043cb8       0x64 d:/intelfpga/16.1/nios2eds/bin/gnu/h-x86_64-mingw32/bin/../lib/gcc/nios2-elf/5.3.0/mhw-mulx\libgcc.a(_clzsi2.o)
                0x0000000000043cb8                __clzsi2
 .text          0x0000000000043d1c      0x1b4 d:/intelfpga/16.1/nios2eds/bin/gnu/h-x86_64-mingw32/bin/../lib/gcc/nios2-elf/5.3.0/mhw-mulx\libgcc.a(lib2-divmod.o)
                0x0000000000043d1c                __divsi3
                0x0000000000043da0                __modsi3
                0x0000000000043e14                __udivsi3
                0x0000000000043e78                __umodsi3
 .text          0x0000000000043ed0        0x0 d:/intelfpga/16.1/nios2eds/bin/gnu/h-x86_64-mingw32/bin/../lib/gcc/nios2-elf/5.3.0/mhw-mulx\libgcc.a(_clz.o)
 .text          0x0000000000043ed0        0x0 d:/intelfpga/16.1/nios2eds/bin/gnu/h-x86_64-mingw32/bin/../lib/gcc/nios2-elf/5.3.0/../../../../../H-x86_64-mingw32/nios2-elf/lib/mhw-mulx\libc.a(lib_a-printf.o)
 .text._printf_r
                0x0000000000043ed0       0x30 d:/intelfpga/16.1/nios2eds/bin/gnu/h-x86_64-mingw32/bin/../lib/gcc/nios2-elf/5.3.0/../../../../../H-x86_64-mingw32/nios2-elf/lib/mhw-mulx\libc.a(lib_a-printf.o)
                0x0000000000043ed0                _printf_r
 .text.printf   0x0000000000043f00       0x3c d:/intelfpga/16.1/nios2eds/bin/gnu/h-x86_64-mingw32/bin/../lib/gcc/nios2-elf/5.3.0/../../../../../H-x86_64-mingw32/nios2-elf/lib/mhw-mulx\libc.a(lib_a-printf.o)
                0x0000000000043f00                printf
 .text          0x0000000000043f3c        0x0 d:/intelfpga/16.1/nios2eds/bin/gnu/h-x86_64-mingw32/bin/../lib/gcc/nios2-elf/5.3.0/../../../../../H-x86_64-mingw32/nios2-elf/lib/mhw-mulx\libc.a(lib_a-puts.o)
 .text._puts_r  0x0000000000043f3c       0xc0 d:/intelfpga/16.1/nios2eds/bin/gnu/h-x86_64-mingw32/bin/../lib/gcc/nios2-elf/5.3.0/../../../../../H-x86_64-mingw32/nios2-elf/lib/mhw-mulx\libc.a(lib_a-puts.o)
                0x0000000000043f3c                _puts_r
 .text.puts     0x0000000000043ffc       0x14 d:/intelfpga/16.1/nios2eds/bin/gnu/h-x86_64-mingw32/bin/../lib/gcc/nios2-elf/5.3.0/../../../../../H-x86_64-mingw32/nios2-elf/lib/mhw-mulx\libc.a(lib_a-puts.o)
                0x0000000000043ffc                puts
 .text          0x0000000000044010        0x0 d:/intelfpga/16.1/nios2eds/bin/gnu/h-x86_64-mingw32/bin/../lib/gcc/nios2-elf/5.3.0/../../../../../H-x86_64-mingw32/nios2-elf/lib/mhw-mulx\libc.a(lib_a-sprintf.o)
 .text._sprintf_r
                0x0000000000044010       0x58 d:/intelfpga/16.1/nios2eds/bin/gnu/h-x86_64-mingw32/bin/../lib/gcc/nios2-elf/5.3.0/../../../../../H-x86_64-mingw32/nios2-elf/lib/mhw-mulx\libc.a(lib_a-sprintf.o)
                0x0000000000044010                _sprintf_r
 .text.sprintf  0x0000000000044068       0x6c d:/intelfpga/16.1/nios2eds/bin/gnu/h-x86_64-mingw32/bin/../lib/gcc/nios2-elf/5.3.0/../../../../../H-x86_64-mingw32/nios2-elf/lib/mhw-mulx\libc.a(lib_a-sprintf.o)
                0x0000000000044068                sprintf
 .text          0x00000000000440d4        0x0 d:/intelfpga/16.1/nios2eds/bin/gnu/h-x86_64-mingw32/bin/../lib/gcc/nios2-elf/5.3.0/../../../../../H-x86_64-mingw32/nios2-elf/lib/mhw-mulx\libc.a(lib_a-strlen.o)
 .text.strlen   0x00000000000440d4       0x98 d:/intelfpga/16.1/nios2eds/bin/gnu/h-x86_64-mingw32/bin/../lib/gcc/nios2-elf/5.3.0/../../../../../H-x86_64-mingw32/nios2-elf/lib/mhw-mulx\libc.a(lib_a-strlen.o)
                0x00000000000440d4                strlen
 .text          0x000000000004416c        0x0 d:/intelfpga/16.1/nios2eds/bin/gnu/h-x86_64-mingw32/bin/../lib/gcc/nios2-elf/5.3.0/../../../../../H-x86_64-mingw32/nios2-elf/lib/mhw-mulx\libc.a(lib_a-svfprintf.o)
 .text.___svfprintf_internal_r
                0x000000000004416c     0x21d8 d:/intelfpga/16.1/nios2eds/bin/gnu/h-x86_64-mingw32/bin/../lib/gcc/nios2-elf/5.3.0/../../../../../H-x86_64-mingw32/nios2-elf/lib/mhw-mulx\libc.a(lib_a-svfprintf.o)
                0x000000000004416c                ___svfprintf_internal_r
 .text          0x0000000000046344        0x0 d:/intelfpga/16.1/nios2eds/bin/gnu/h-x86_64-mingw32/bin/../lib/gcc/nios2-elf/5.3.0/../../../../../H-x86_64-mingw32/nios2-elf/lib/mhw-mulx\libc.a(lib_a-vfprintf.o)
 .text.___vfprintf_internal_r
                0x0000000000046344     0x21f8 d:/intelfpga/16.1/nios2eds/bin/gnu/h-x86_64-mingw32/bin/../lib/gcc/nios2-elf/5.3.0/../../../../../H-x86_64-mingw32/nios2-elf/lib/mhw-mulx\libc.a(lib_a-vfprintf.o)
                0x0000000000046344                ___vfprintf_internal_r
 .text.__vfprintf_internal
                0x000000000004853c       0x1c d:/intelfpga/16.1/nios2eds/bin/gnu/h-x86_64-mingw32/bin/../lib/gcc/nios2-elf/5.3.0/../../../../../H-x86_64-mingw32/nios2-elf/lib/mhw-mulx\libc.a(lib_a-vfprintf.o)
                0x000000000004853c                __vfprintf_internal
 .text.__sbprintf
                0x0000000000048558       0xbc d:/intelfpga/16.1/nios2eds/bin/gnu/h-x86_64-mingw32/bin/../lib/gcc/nios2-elf/5.3.0/../../../../../H-x86_64-mingw32/nios2-elf/lib/mhw-mulx\libc.a(lib_a-vfprintf.o)
 .text          0x0000000000048614        0x0 d:/intelfpga/16.1/nios2eds/bin/gnu/h-x86_64-mingw32/bin/../lib/gcc/nios2-elf/5.3.0/../../../../../H-x86_64-mingw32/nios2-elf/lib/mhw-mulx\libc.a(lib_a-vsnprintf.o)
 .text._vsnprintf_r
                0x0000000000048614       0xf0 d:/intelfpga/16.1/nios2eds/bin/gnu/h-x86_64-mingw32/bin/../lib/gcc/nios2-elf/5.3.0/../../../../../H-x86_64-mingw32/nios2-elf/lib/mhw-mulx\libc.a(lib_a-vsnprintf.o)
                0x0000000000048614                _vsnprintf_r
 .text.vsnprintf
                0x0000000000048704       0x34 d:/intelfpga/16.1/nios2eds/bin/gnu/h-x86_64-mingw32/bin/../lib/gcc/nios2-elf/5.3.0/../../../../../H-x86_64-mingw32/nios2-elf/lib/mhw-mulx\libc.a(lib_a-vsnprintf.o)
                0x0000000000048704                vsnprintf
 .text          0x0000000000048738        0x0 d:/intelfpga/16.1/nios2eds/bin/gnu/h-x86_64-mingw32/bin/../lib/gcc/nios2-elf/5.3.0/../../../../../H-x86_64-mingw32/nios2-elf/lib/mhw-mulx\libc.a(lib_a-wsetup.o)
 .text.__swsetup_r
                0x0000000000048738      0x154 d:/intelfpga/16.1/nios2eds/bin/gnu/h-x86_64-mingw32/bin/../lib/gcc/nios2-elf/5.3.0/../../../../../H-x86_64-mingw32/nios2-elf/lib/mhw-mulx\libc.a(lib_a-wsetup.o)
                0x0000000000048738                __swsetup_r
 .text          0x000000000004888c        0x0 d:/intelfpga/16.1/nios2eds/bin/gnu/h-x86_64-mingw32/bin/../lib/gcc/nios2-elf/5.3.0/../../../../../H-x86_64-mingw32/nios2-elf/lib/mhw-mulx\libc.a(lib_a-dtoa.o)
 .text.quorem   0x000000000004888c      0x200 d:/intelfpga/16.1/nios2eds/bin/gnu/h-x86_64-mingw32/bin/../lib/gcc/nios2-elf/5.3.0/../../../../../H-x86_64-mingw32/nios2-elf/lib/mhw-mulx\libc.a(lib_a-dtoa.o)
 .text._dtoa_r  0x0000000000048a8c     0x1688 d:/intelfpga/16.1/nios2eds/bin/gnu/h-x86_64-mingw32/bin/../lib/gcc/nios2-elf/5.3.0/../../../../../H-x86_64-mingw32/nios2-elf/lib/mhw-mulx\libc.a(lib_a-dtoa.o)
                0x0000000000048a8c                _dtoa_r
 .text          0x000000000004a114        0x0 d:/intelfpga/16.1/nios2eds/bin/gnu/h-x86_64-mingw32/bin/../lib/gcc/nios2-elf/5.3.0/../../../../../H-x86_64-mingw32/nios2-elf/lib/mhw-mulx\libc.a(lib_a-fflush.o)
 .text.__sflush_r
                0x000000000004a114      0x21c d:/intelfpga/16.1/nios2eds/bin/gnu/h-x86_64-mingw32/bin/../lib/gcc/nios2-elf/5.3.0/../../../../../H-x86_64-mingw32/nios2-elf/lib/mhw-mulx\libc.a(lib_a-fflush.o)
                0x000000000004a114                __sflush_r
 .text._fflush_r
                0x000000000004a330       0x5c d:/intelfpga/16.1/nios2eds/bin/gnu/h-x86_64-mingw32/bin/../lib/gcc/nios2-elf/5.3.0/../../../../../H-x86_64-mingw32/nios2-elf/lib/mhw-mulx\libc.a(lib_a-fflush.o)
                0x000000000004a330                _fflush_r
 .text.fflush   0x000000000004a38c       0x30 d:/intelfpga/16.1/nios2eds/bin/gnu/h-x86_64-mingw32/bin/../lib/gcc/nios2-elf/5.3.0/../../../../../H-x86_64-mingw32/nios2-elf/lib/mhw-mulx\libc.a(lib_a-fflush.o)
                0x000000000004a38c                fflush
 .text          0x000000000004a3bc        0x0 d:/intelfpga/16.1/nios2eds/bin/gnu/h-x86_64-mingw32/bin/../lib/gcc/nios2-elf/5.3.0/../../../../../H-x86_64-mingw32/nios2-elf/lib/mhw-mulx\libc.a(lib_a-findfp.o)
 .text.__fp_unlock
                0x000000000004a3bc        0x8 d:/intelfpga/16.1/nios2eds/bin/gnu/h-x86_64-mingw32/bin/../lib/gcc/nios2-elf/5.3.0/../../../../../H-x86_64-mingw32/nios2-elf/lib/mhw-mulx\libc.a(lib_a-findfp.o)
 .text._cleanup_r
                0x000000000004a3c4        0xc d:/intelfpga/16.1/nios2eds/bin/gnu/h-x86_64-mingw32/bin/../lib/gcc/nios2-elf/5.3.0/../../../../../H-x86_64-mingw32/nios2-elf/lib/mhw-mulx\libc.a(lib_a-findfp.o)
                0x000000000004a3c4                _cleanup_r
 .text.__sinit.part.1
                0x000000000004a3d0      0x19c d:/intelfpga/16.1/nios2eds/bin/gnu/h-x86_64-mingw32/bin/../lib/gcc/nios2-elf/5.3.0/../../../../../H-x86_64-mingw32/nios2-elf/lib/mhw-mulx\libc.a(lib_a-findfp.o)
 .text.__fp_lock
                0x000000000004a56c        0x8 d:/intelfpga/16.1/nios2eds/bin/gnu/h-x86_64-mingw32/bin/../lib/gcc/nios2-elf/5.3.0/../../../../../H-x86_64-mingw32/nios2-elf/lib/mhw-mulx\libc.a(lib_a-findfp.o)
 .text.__sfmoreglue
                0x000000000004a574       0x68 d:/intelfpga/16.1/nios2eds/bin/gnu/h-x86_64-mingw32/bin/../lib/gcc/nios2-elf/5.3.0/../../../../../H-x86_64-mingw32/nios2-elf/lib/mhw-mulx\libc.a(lib_a-findfp.o)
                0x000000000004a574                __sfmoreglue
 .text.__sfp    0x000000000004a5dc      0x118 d:/intelfpga/16.1/nios2eds/bin/gnu/h-x86_64-mingw32/bin/../lib/gcc/nios2-elf/5.3.0/../../../../../H-x86_64-mingw32/nios2-elf/lib/mhw-mulx\libc.a(lib_a-findfp.o)
                0x000000000004a5dc                __sfp
 .text._cleanup
                0x000000000004a6f4       0x18 d:/intelfpga/16.1/nios2eds/bin/gnu/h-x86_64-mingw32/bin/../lib/gcc/nios2-elf/5.3.0/../../../../../H-x86_64-mingw32/nios2-elf/lib/mhw-mulx\libc.a(lib_a-findfp.o)
                0x000000000004a6f4                _cleanup
 .text.__sinit  0x000000000004a70c       0x10 d:/intelfpga/16.1/nios2eds/bin/gnu/h-x86_64-mingw32/bin/../lib/gcc/nios2-elf/5.3.0/../../../../../H-x86_64-mingw32/nios2-elf/lib/mhw-mulx\libc.a(lib_a-findfp.o)
                0x000000000004a70c                __sinit
 .text.__sfp_lock_acquire
                0x000000000004a71c        0x4 d:/intelfpga/16.1/nios2eds/bin/gnu/h-x86_64-mingw32/bin/../lib/gcc/nios2-elf/5.3.0/../../../../../H-x86_64-mingw32/nios2-elf/lib/mhw-mulx\libc.a(lib_a-findfp.o)
                0x000000000004a71c                __sfp_lock_acquire
 .text.__sfp_lock_release
                0x000000000004a720        0x4 d:/intelfpga/16.1/nios2eds/bin/gnu/h-x86_64-mingw32/bin/../lib/gcc/nios2-elf/5.3.0/../../../../../H-x86_64-mingw32/nios2-elf/lib/mhw-mulx\libc.a(lib_a-findfp.o)
                0x000000000004a720                __sfp_lock_release
 .text.__sinit_lock_acquire
                0x000000000004a724        0x4 d:/intelfpga/16.1/nios2eds/bin/gnu/h-x86_64-mingw32/bin/../lib/gcc/nios2-elf/5.3.0/../../../../../H-x86_64-mingw32/nios2-elf/lib/mhw-mulx\libc.a(lib_a-findfp.o)
                0x000000000004a724                __sinit_lock_acquire
 .text.__sinit_lock_release
                0x000000000004a728        0x4 d:/intelfpga/16.1/nios2eds/bin/gnu/h-x86_64-mingw32/bin/../lib/gcc/nios2-elf/5.3.0/../../../../../H-x86_64-mingw32/nios2-elf/lib/mhw-mulx\libc.a(lib_a-findfp.o)
                0x000000000004a728                __sinit_lock_release
 .text.__fp_lock_all
                0x000000000004a72c       0x18 d:/intelfpga/16.1/nios2eds/bin/gnu/h-x86_64-mingw32/bin/../lib/gcc/nios2-elf/5.3.0/../../../../../H-x86_64-mingw32/nios2-elf/lib/mhw-mulx\libc.a(lib_a-findfp.o)
                0x000000000004a72c                __fp_lock_all
 .text.__fp_unlock_all
                0x000000000004a744       0x18 d:/intelfpga/16.1/nios2eds/bin/gnu/h-x86_64-mingw32/bin/../lib/gcc/nios2-elf/5.3.0/../../../../../H-x86_64-mingw32/nios2-elf/lib/mhw-mulx\libc.a(lib_a-findfp.o)
                0x000000000004a744                __fp_unlock_all
 .text          0x000000000004a75c        0x0 d:/intelfpga/16.1/nios2eds/bin/gnu/h-x86_64-mingw32/bin/../lib/gcc/nios2-elf/5.3.0/../../../../../H-x86_64-mingw32/nios2-elf/lib/mhw-mulx\libc.a(lib_a-freer.o)
 .text._malloc_trim_r
                0x000000000004a75c      0x124 d:/intelfpga/16.1/nios2eds/bin/gnu/h-x86_64-mingw32/bin/../lib/gcc/nios2-elf/5.3.0/../../../../../H-x86_64-mingw32/nios2-elf/lib/mhw-mulx\libc.a(lib_a-freer.o)
                0x000000000004a75c                _malloc_trim_r
 .text._free_r  0x000000000004a880      0x310 d:/intelfpga/16.1/nios2eds/bin/gnu/h-x86_64-mingw32/bin/../lib/gcc/nios2-elf/5.3.0/../../../../../H-x86_64-mingw32/nios2-elf/lib/mhw-mulx\libc.a(lib_a-freer.o)
                0x000000000004a880                _free_r
 .text          0x000000000004ab90        0x0 d:/intelfpga/16.1/nios2eds/bin/gnu/h-x86_64-mingw32/bin/../lib/gcc/nios2-elf/5.3.0/../../../../../H-x86_64-mingw32/nios2-elf/lib/mhw-mulx\libc.a(lib_a-fvwrite.o)
 .text.__sfvwrite_r
                0x000000000004ab90      0x4bc d:/intelfpga/16.1/nios2eds/bin/gnu/h-x86_64-mingw32/bin/../lib/gcc/nios2-elf/5.3.0/../../../../../H-x86_64-mingw32/nios2-elf/lib/mhw-mulx\libc.a(lib_a-fvwrite.o)
                0x000000000004ab90                __sfvwrite_r
 .text          0x000000000004b04c        0x0 d:/intelfpga/16.1/nios2eds/bin/gnu/h-x86_64-mingw32/bin/../lib/gcc/nios2-elf/5.3.0/../../../../../H-x86_64-mingw32/nios2-elf/lib/mhw-mulx\libc.a(lib_a-fwalk.o)
 .text._fwalk   0x000000000004b04c       0xc4 d:/intelfpga/16.1/nios2eds/bin/gnu/h-x86_64-mingw32/bin/../lib/gcc/nios2-elf/5.3.0/../../../../../H-x86_64-mingw32/nios2-elf/lib/mhw-mulx\libc.a(lib_a-fwalk.o)
                0x000000000004b04c                _fwalk
 .text._fwalk_reent
                0x000000000004b110       0xc4 d:/intelfpga/16.1/nios2eds/bin/gnu/h-x86_64-mingw32/bin/../lib/gcc/nios2-elf/5.3.0/../../../../../H-x86_64-mingw32/nios2-elf/lib/mhw-mulx\libc.a(lib_a-fwalk.o)
                0x000000000004b110                _fwalk_reent
 .text          0x000000000004b1d4        0x0 d:/intelfpga/16.1/nios2eds/bin/gnu/h-x86_64-mingw32/bin/../lib/gcc/nios2-elf/5.3.0/../../../../../H-x86_64-mingw32/nios2-elf/lib/mhw-mulx\libc.a(lib_a-impure.o)
 .text          0x000000000004b1d4        0x0 d:/intelfpga/16.1/nios2eds/bin/gnu/h-x86_64-mingw32/bin/../lib/gcc/nios2-elf/5.3.0/../../../../../H-x86_64-mingw32/nios2-elf/lib/mhw-mulx\libc.a(lib_a-locale.o)
 .text._setlocale_r
                0x000000000004b1d4       0x7c d:/intelfpga/16.1/nios2eds/bin/gnu/h-x86_64-mingw32/bin/../lib/gcc/nios2-elf/5.3.0/../../../../../H-x86_64-mingw32/nios2-elf/lib/mhw-mulx\libc.a(lib_a-locale.o)
                0x000000000004b1d4                _setlocale_r
 .text.__locale_charset
                0x000000000004b250        0xc d:/intelfpga/16.1/nios2eds/bin/gnu/h-x86_64-mingw32/bin/../lib/gcc/nios2-elf/5.3.0/../../../../../H-x86_64-mingw32/nios2-elf/lib/mhw-mulx\libc.a(lib_a-locale.o)
                0x000000000004b250                __locale_charset
 .text.__locale_mb_cur_max
                0x000000000004b25c       0x10 d:/intelfpga/16.1/nios2eds/bin/gnu/h-x86_64-mingw32/bin/../lib/gcc/nios2-elf/5.3.0/../../../../../H-x86_64-mingw32/nios2-elf/lib/mhw-mulx\libc.a(lib_a-locale.o)
                0x000000000004b25c                __locale_mb_cur_max
 .text.__locale_msgcharset
                0x000000000004b26c        0xc d:/intelfpga/16.1/nios2eds/bin/gnu/h-x86_64-mingw32/bin/../lib/gcc/nios2-elf/5.3.0/../../../../../H-x86_64-mingw32/nios2-elf/lib/mhw-mulx\libc.a(lib_a-locale.o)
                0x000000000004b26c                __locale_msgcharset
 .text.__locale_cjk_lang
                0x000000000004b278        0x8 d:/intelfpga/16.1/nios2eds/bin/gnu/h-x86_64-mingw32/bin/../lib/gcc/nios2-elf/5.3.0/../../../../../H-x86_64-mingw32/nios2-elf/lib/mhw-mulx\libc.a(lib_a-locale.o)
                0x000000000004b278                __locale_cjk_lang
 .text._localeconv_r
                0x000000000004b280        0xc d:/intelfpga/16.1/nios2eds/bin/gnu/h-x86_64-mingw32/bin/../lib/gcc/nios2-elf/5.3.0/../../../../../H-x86_64-mingw32/nios2-elf/lib/mhw-mulx\libc.a(lib_a-locale.o)
                0x000000000004b280                _localeconv_r
 .text.setlocale
                0x000000000004b28c       0x18 d:/intelfpga/16.1/nios2eds/bin/gnu/h-x86_64-mingw32/bin/../lib/gcc/nios2-elf/5.3.0/../../../../../H-x86_64-mingw32/nios2-elf/lib/mhw-mulx\libc.a(lib_a-locale.o)
                0x000000000004b28c                setlocale
 .text.localeconv
                0x000000000004b2a4        0xc d:/intelfpga/16.1/nios2eds/bin/gnu/h-x86_64-mingw32/bin/../lib/gcc/nios2-elf/5.3.0/../../../../../H-x86_64-mingw32/nios2-elf/lib/mhw-mulx\libc.a(lib_a-locale.o)
                0x000000000004b2a4                localeconv
 .text          0x000000000004b2b0        0x0 d:/intelfpga/16.1/nios2eds/bin/gnu/h-x86_64-mingw32/bin/../lib/gcc/nios2-elf/5.3.0/../../../../../H-x86_64-mingw32/nios2-elf/lib/mhw-mulx\libc.a(lib_a-makebuf.o)
 .text.__smakebuf_r
                0x000000000004b2b0      0x1bc d:/intelfpga/16.1/nios2eds/bin/gnu/h-x86_64-mingw32/bin/../lib/gcc/nios2-elf/5.3.0/../../../../../H-x86_64-mingw32/nios2-elf/lib/mhw-mulx\libc.a(lib_a-makebuf.o)
                0x000000000004b2b0                __smakebuf_r
 .text          0x000000000004b46c        0x0 d:/intelfpga/16.1/nios2eds/bin/gnu/h-x86_64-mingw32/bin/../lib/gcc/nios2-elf/5.3.0/../../../../../H-x86_64-mingw32/nios2-elf/lib/mhw-mulx\libc.a(lib_a-mallocr.o)
 .text._malloc_r
                0x000000000004b46c      0x80c d:/intelfpga/16.1/nios2eds/bin/gnu/h-x86_64-mingw32/bin/../lib/gcc/nios2-elf/5.3.0/../../../../../H-x86_64-mingw32/nios2-elf/lib/mhw-mulx\libc.a(lib_a-mallocr.o)
                0x000000000004b46c                _malloc_r
 .text          0x000000000004bc78        0x0 d:/intelfpga/16.1/nios2eds/bin/gnu/h-x86_64-mingw32/bin/../lib/gcc/nios2-elf/5.3.0/../../../../../H-x86_64-mingw32/nios2-elf/lib/mhw-mulx\libc.a(lib_a-memchr.o)
 .text.memchr   0x000000000004bc78       0xe4 d:/intelfpga/16.1/nios2eds/bin/gnu/h-x86_64-mingw32/bin/../lib/gcc/nios2-elf/5.3.0/../../../../../H-x86_64-mingw32/nios2-elf/lib/mhw-mulx\libc.a(lib_a-memchr.o)
                0x000000000004bc78                memchr
 .text          0x000000000004bd5c        0x0 d:/intelfpga/16.1/nios2eds/bin/gnu/h-x86_64-mingw32/bin/../lib/gcc/nios2-elf/5.3.0/../../../../../H-x86_64-mingw32/nios2-elf/lib/mhw-mulx\libc.a(lib_a-memcpy.o)
 .text.memcpy   0x000000000004bd5c      0x148 d:/intelfpga/16.1/nios2eds/bin/gnu/h-x86_64-mingw32/bin/../lib/gcc/nios2-elf/5.3.0/../../../../../H-x86_64-mingw32/nios2-elf/lib/mhw-mulx\libc.a(lib_a-memcpy.o)
                0x000000000004bd5c                memcpy
 .text          0x000000000004bea4        0x0 d:/intelfpga/16.1/nios2eds/bin/gnu/h-x86_64-mingw32/bin/../lib/gcc/nios2-elf/5.3.0/../../../../../H-x86_64-mingw32/nios2-elf/lib/mhw-mulx\libc.a(lib_a-memmove.o)
 .text.memmove  0x000000000004bea4      0x15c d:/intelfpga/16.1/nios2eds/bin/gnu/h-x86_64-mingw32/bin/../lib/gcc/nios2-elf/5.3.0/../../../../../H-x86_64-mingw32/nios2-elf/lib/mhw-mulx\libc.a(lib_a-memmove.o)
                0x000000000004bea4                memmove
 .text          0x000000000004c000        0x0 d:/intelfpga/16.1/nios2eds/bin/gnu/h-x86_64-mingw32/bin/../lib/gcc/nios2-elf/5.3.0/../../../../../H-x86_64-mingw32/nios2-elf/lib/mhw-mulx\libc.a(lib_a-memset.o)
 .text.memset   0x000000000004c000      0x128 d:/intelfpga/16.1/nios2eds/bin/gnu/h-x86_64-mingw32/bin/../lib/gcc/nios2-elf/5.3.0/../../../../../H-x86_64-mingw32/nios2-elf/lib/mhw-mulx\libc.a(lib_a-memset.o)
                0x000000000004c000                memset
 .text          0x000000000004c128        0x0 d:/intelfpga/16.1/nios2eds/bin/gnu/h-x86_64-mingw32/bin/../lib/gcc/nios2-elf/5.3.0/../../../../../H-x86_64-mingw32/nios2-elf/lib/mhw-mulx\libc.a(lib_a-mprec.o)
 .text._Balloc  0x000000000004c128       0xa8 d:/intelfpga/16.1/nios2eds/bin/gnu/h-x86_64-mingw32/bin/../lib/gcc/nios2-elf/5.3.0/../../../../../H-x86_64-mingw32/nios2-elf/lib/mhw-mulx\libc.a(lib_a-mprec.o)
                0x000000000004c128                _Balloc
 .text._Bfree   0x000000000004c1d0       0x28 d:/intelfpga/16.1/nios2eds/bin/gnu/h-x86_64-mingw32/bin/../lib/gcc/nios2-elf/5.3.0/../../../../../H-x86_64-mingw32/nios2-elf/lib/mhw-mulx\libc.a(lib_a-mprec.o)
                0x000000000004c1d0                _Bfree
 .text.__multadd
                0x000000000004c1f8      0x120 d:/intelfpga/16.1/nios2eds/bin/gnu/h-x86_64-mingw32/bin/../lib/gcc/nios2-elf/5.3.0/../../../../../H-x86_64-mingw32/nios2-elf/lib/mhw-mulx\libc.a(lib_a-mprec.o)
                0x000000000004c1f8                __multadd
 .text.__s2b    0x000000000004c318      0x104 d:/intelfpga/16.1/nios2eds/bin/gnu/h-x86_64-mingw32/bin/../lib/gcc/nios2-elf/5.3.0/../../../../../H-x86_64-mingw32/nios2-elf/lib/mhw-mulx\libc.a(lib_a-mprec.o)
                0x000000000004c318                __s2b
 .text.__hi0bits
                0x000000000004c41c       0x68 d:/intelfpga/16.1/nios2eds/bin/gnu/h-x86_64-mingw32/bin/../lib/gcc/nios2-elf/5.3.0/../../../../../H-x86_64-mingw32/nios2-elf/lib/mhw-mulx\libc.a(lib_a-mprec.o)
                0x000000000004c41c                __hi0bits
 .text.__lo0bits
                0x000000000004c484       0xb0 d:/intelfpga/16.1/nios2eds/bin/gnu/h-x86_64-mingw32/bin/../lib/gcc/nios2-elf/5.3.0/../../../../../H-x86_64-mingw32/nios2-elf/lib/mhw-mulx\libc.a(lib_a-mprec.o)
                0x000000000004c484                __lo0bits
 .text.__i2b    0x000000000004c534       0x3c d:/intelfpga/16.1/nios2eds/bin/gnu/h-x86_64-mingw32/bin/../lib/gcc/nios2-elf/5.3.0/../../../../../H-x86_64-mingw32/nios2-elf/lib/mhw-mulx\libc.a(lib_a-mprec.o)
                0x000000000004c534                __i2b
 .text.__multiply
                0x000000000004c570      0x1f8 d:/intelfpga/16.1/nios2eds/bin/gnu/h-x86_64-mingw32/bin/../lib/gcc/nios2-elf/5.3.0/../../../../../H-x86_64-mingw32/nios2-elf/lib/mhw-mulx\libc.a(lib_a-mprec.o)
                0x000000000004c570                __multiply
 .text.__pow5mult
                0x000000000004c768      0x140 d:/intelfpga/16.1/nios2eds/bin/gnu/h-x86_64-mingw32/bin/../lib/gcc/nios2-elf/5.3.0/../../../../../H-x86_64-mingw32/nios2-elf/lib/mhw-mulx\libc.a(lib_a-mprec.o)
                0x000000000004c768                __pow5mult
 .text.__lshift
                0x000000000004c8a8      0x148 d:/intelfpga/16.1/nios2eds/bin/gnu/h-x86_64-mingw32/bin/../lib/gcc/nios2-elf/5.3.0/../../../../../H-x86_64-mingw32/nios2-elf/lib/mhw-mulx\libc.a(lib_a-mprec.o)
                0x000000000004c8a8                __lshift
 .text.__mcmp   0x000000000004c9f0       0x60 d:/intelfpga/16.1/nios2eds/bin/gnu/h-x86_64-mingw32/bin/../lib/gcc/nios2-elf/5.3.0/../../../../../H-x86_64-mingw32/nios2-elf/lib/mhw-mulx\libc.a(lib_a-mprec.o)
                0x000000000004c9f0                __mcmp
 .text.__mdiff  0x000000000004ca50      0x1fc d:/intelfpga/16.1/nios2eds/bin/gnu/h-x86_64-mingw32/bin/../lib/gcc/nios2-elf/5.3.0/../../../../../H-x86_64-mingw32/nios2-elf/lib/mhw-mulx\libc.a(lib_a-mprec.o)
                0x000000000004ca50                __mdiff
 .text.__ulp    0x000000000004cc4c       0x64 d:/intelfpga/16.1/nios2eds/bin/gnu/h-x86_64-mingw32/bin/../lib/gcc/nios2-elf/5.3.0/../../../../../H-x86_64-mingw32/nios2-elf/lib/mhw-mulx\libc.a(lib_a-mprec.o)
                0x000000000004cc4c                __ulp
 .text.__b2d    0x000000000004ccb0      0x10c d:/intelfpga/16.1/nios2eds/bin/gnu/h-x86_64-mingw32/bin/../lib/gcc/nios2-elf/5.3.0/../../../../../H-x86_64-mingw32/nios2-elf/lib/mhw-mulx\libc.a(lib_a-mprec.o)
                0x000000000004ccb0                __b2d
 .text.__d2b    0x000000000004cdbc      0x14c d:/intelfpga/16.1/nios2eds/bin/gnu/h-x86_64-mingw32/bin/../lib/gcc/nios2-elf/5.3.0/../../../../../H-x86_64-mingw32/nios2-elf/lib/mhw-mulx\libc.a(lib_a-mprec.o)
                0x000000000004cdbc                __d2b
 .text.__ratio  0x000000000004cf08       0xa4 d:/intelfpga/16.1/nios2eds/bin/gnu/h-x86_64-mingw32/bin/../lib/gcc/nios2-elf/5.3.0/../../../../../H-x86_64-mingw32/nios2-elf/lib/mhw-mulx\libc.a(lib_a-mprec.o)
                0x000000000004cf08                __ratio
 .text._mprec_log10
                0x000000000004cfac       0x74 d:/intelfpga/16.1/nios2eds/bin/gnu/h-x86_64-mingw32/bin/../lib/gcc/nios2-elf/5.3.0/../../../../../H-x86_64-mingw32/nios2-elf/lib/mhw-mulx\libc.a(lib_a-mprec.o)
                0x000000000004cfac                _mprec_log10
 .text.__copybits
                0x000000000004d020       0x78 d:/intelfpga/16.1/nios2eds/bin/gnu/h-x86_64-mingw32/bin/../lib/gcc/nios2-elf/5.3.0/../../../../../H-x86_64-mingw32/nios2-elf/lib/mhw-mulx\libc.a(lib_a-mprec.o)
                0x000000000004d020                __copybits
 .text.__any_on
                0x000000000004d098       0x8c d:/intelfpga/16.1/nios2eds/bin/gnu/h-x86_64-mingw32/bin/../lib/gcc/nios2-elf/5.3.0/../../../../../H-x86_64-mingw32/nios2-elf/lib/mhw-mulx\libc.a(lib_a-mprec.o)
                0x000000000004d098                __any_on
 .text          0x000000000004d124        0x0 d:/intelfpga/16.1/nios2eds/bin/gnu/h-x86_64-mingw32/bin/../lib/gcc/nios2-elf/5.3.0/../../../../../H-x86_64-mingw32/nios2-elf/lib/mhw-mulx\libc.a(lib_a-reallocr.o)
 .text._realloc_r
                0x000000000004d124      0x564 d:/intelfpga/16.1/nios2eds/bin/gnu/h-x86_64-mingw32/bin/../lib/gcc/nios2-elf/5.3.0/../../../../../H-x86_64-mingw32/nios2-elf/lib/mhw-mulx\libc.a(lib_a-reallocr.o)
                0x000000000004d124                _realloc_r
 .text          0x000000000004d688        0x0 d:/intelfpga/16.1/nios2eds/bin/gnu/h-x86_64-mingw32/bin/../lib/gcc/nios2-elf/5.3.0/../../../../../H-x86_64-mingw32/nios2-elf/lib/mhw-mulx\libc.a(lib_a-s_fpclassify.o)
 .text.__fpclassifyd
                0x000000000004d688       0x74 d:/intelfpga/16.1/nios2eds/bin/gnu/h-x86_64-mingw32/bin/../lib/gcc/nios2-elf/5.3.0/../../../../../H-x86_64-mingw32/nios2-elf/lib/mhw-mulx\libc.a(lib_a-s_fpclassify.o)
                0x000000000004d688                __fpclassifyd
 .text          0x000000000004d6fc        0x0 d:/intelfpga/16.1/nios2eds/bin/gnu/h-x86_64-mingw32/bin/../lib/gcc/nios2-elf/5.3.0/../../../../../H-x86_64-mingw32/nios2-elf/lib/mhw-mulx\libc.a(lib_a-sbrkr.o)
 .text._sbrk_r  0x000000000004d6fc       0x54 d:/intelfpga/16.1/nios2eds/bin/gnu/h-x86_64-mingw32/bin/../lib/gcc/nios2-elf/5.3.0/../../../../../H-x86_64-mingw32/nios2-elf/lib/mhw-mulx\libc.a(lib_a-sbrkr.o)
                0x000000000004d6fc                _sbrk_r
 .text          0x000000000004d750        0x0 d:/intelfpga/16.1/nios2eds/bin/gnu/h-x86_64-mingw32/bin/../lib/gcc/nios2-elf/5.3.0/../../../../../H-x86_64-mingw32/nios2-elf/lib/mhw-mulx\libc.a(lib_a-stdio.o)
 .text.__sread  0x000000000004d750       0x54 d:/intelfpga/16.1/nios2eds/bin/gnu/h-x86_64-mingw32/bin/../lib/gcc/nios2-elf/5.3.0/../../../../../H-x86_64-mingw32/nios2-elf/lib/mhw-mulx\libc.a(lib_a-stdio.o)
                0x000000000004d750                __sread
 .text.__seofread
                0x000000000004d7a4        0x8 d:/intelfpga/16.1/nios2eds/bin/gnu/h-x86_64-mingw32/bin/../lib/gcc/nios2-elf/5.3.0/../../../../../H-x86_64-mingw32/nios2-elf/lib/mhw-mulx\libc.a(lib_a-stdio.o)
                0x000000000004d7a4                __seofread
 .text.__swrite
                0x000000000004d7ac       0x7c d:/intelfpga/16.1/nios2eds/bin/gnu/h-x86_64-mingw32/bin/../lib/gcc/nios2-elf/5.3.0/../../../../../H-x86_64-mingw32/nios2-elf/lib/mhw-mulx\libc.a(lib_a-stdio.o)
                0x000000000004d7ac                __swrite
 .text.__sseek  0x000000000004d828       0x5c d:/intelfpga/16.1/nios2eds/bin/gnu/h-x86_64-mingw32/bin/../lib/gcc/nios2-elf/5.3.0/../../../../../H-x86_64-mingw32/nios2-elf/lib/mhw-mulx\libc.a(lib_a-stdio.o)
                0x000000000004d828                __sseek
 .text.__sclose
                0x000000000004d884        0x8 d:/intelfpga/16.1/nios2eds/bin/gnu/h-x86_64-mingw32/bin/../lib/gcc/nios2-elf/5.3.0/../../../../../H-x86_64-mingw32/nios2-elf/lib/mhw-mulx\libc.a(lib_a-stdio.o)
                0x000000000004d884                __sclose
 .text          0x000000000004d88c        0x0 d:/intelfpga/16.1/nios2eds/bin/gnu/h-x86_64-mingw32/bin/../lib/gcc/nios2-elf/5.3.0/../../../../../H-x86_64-mingw32/nios2-elf/lib/mhw-mulx\libc.a(lib_a-strcmp.o)
 .text.strcmp   0x000000000004d88c       0xdc d:/intelfpga/16.1/nios2eds/bin/gnu/h-x86_64-mingw32/bin/../lib/gcc/nios2-elf/5.3.0/../../../../../H-x86_64-mingw32/nios2-elf/lib/mhw-mulx\libc.a(lib_a-strcmp.o)
                0x000000000004d88c                strcmp
 .text          0x000000000004d968        0x0 d:/intelfpga/16.1/nios2eds/bin/gnu/h-x86_64-mingw32/bin/../lib/gcc/nios2-elf/5.3.0/../../../../../H-x86_64-mingw32/nios2-elf/lib/mhw-mulx\libc.a(lib_a-svfiprintf.o)
 .text.__ssprint_r
                0x000000000004d968      0x1d0 d:/intelfpga/16.1/nios2eds/bin/gnu/h-x86_64-mingw32/bin/../lib/gcc/nios2-elf/5.3.0/../../../../../H-x86_64-mingw32/nios2-elf/lib/mhw-mulx\libc.a(lib_a-svfiprintf.o)
                0x000000000004d968                __ssprint_r
 .text.___svfiprintf_internal_r
                0x000000000004db38     0x123c d:/intelfpga/16.1/nios2eds/bin/gnu/h-x86_64-mingw32/bin/../lib/gcc/nios2-elf/5.3.0/../../../../../H-x86_64-mingw32/nios2-elf/lib/mhw-mulx\libc.a(lib_a-svfiprintf.o)
                0x000000000004db38                ___svfiprintf_internal_r
 .text          0x000000000004ed74        0x0 d:/intelfpga/16.1/nios2eds/bin/gnu/h-x86_64-mingw32/bin/../lib/gcc/nios2-elf/5.3.0/../../../../../H-x86_64-mingw32/nios2-elf/lib/mhw-mulx\libc.a(lib_a-vfiprintf.o)
 .text.__sprint_r.part.0
                0x000000000004ed74       0xfc d:/intelfpga/16.1/nios2eds/bin/gnu/h-x86_64-mingw32/bin/../lib/gcc/nios2-elf/5.3.0/../../../../../H-x86_64-mingw32/nios2-elf/lib/mhw-mulx\libc.a(lib_a-vfiprintf.o)
 .text.__sprint_r
                0x000000000004ee70       0x18 d:/intelfpga/16.1/nios2eds/bin/gnu/h-x86_64-mingw32/bin/../lib/gcc/nios2-elf/5.3.0/../../../../../H-x86_64-mingw32/nios2-elf/lib/mhw-mulx\libc.a(lib_a-vfiprintf.o)
                0x000000000004ee70                __sprint_r
 .text.___vfiprintf_internal_r
                0x000000000004ee88     0x145c d:/intelfpga/16.1/nios2eds/bin/gnu/h-x86_64-mingw32/bin/../lib/gcc/nios2-elf/5.3.0/../../../../../H-x86_64-mingw32/nios2-elf/lib/mhw-mulx\libc.a(lib_a-vfiprintf.o)
                0x000000000004ee88                ___vfiprintf_internal_r
 .text.__vfiprintf_internal
                0x00000000000502e4       0x1c d:/intelfpga/16.1/nios2eds/bin/gnu/h-x86_64-mingw32/bin/../lib/gcc/nios2-elf/5.3.0/../../../../../H-x86_64-mingw32/nios2-elf/lib/mhw-mulx\libc.a(lib_a-vfiprintf.o)
                0x00000000000502e4                __vfiprintf_internal
 .text.__sbprintf
                0x0000000000050300       0xbc d:/intelfpga/16.1/nios2eds/bin/gnu/h-x86_64-mingw32/bin/../lib/gcc/nios2-elf/5.3.0/../../../../../H-x86_64-mingw32/nios2-elf/lib/mhw-mulx\libc.a(lib_a-vfiprintf.o)
 .text          0x00000000000503bc        0x0 d:/intelfpga/16.1/nios2eds/bin/gnu/h-x86_64-mingw32/bin/../lib/gcc/nios2-elf/5.3.0/../../../../../H-x86_64-mingw32/nios2-elf/lib/mhw-mulx\libc.a(lib_a-writer.o)
 .text._write_r
                0x00000000000503bc       0x60 d:/intelfpga/16.1/nios2eds/bin/gnu/h-x86_64-mingw32/bin/../lib/gcc/nios2-elf/5.3.0/../../../../../H-x86_64-mingw32/nios2-elf/lib/mhw-mulx\libc.a(lib_a-writer.o)
                0x00000000000503bc                _write_r
 .text          0x000000000005041c        0x0 d:/intelfpga/16.1/nios2eds/bin/gnu/h-x86_64-mingw32/bin/../lib/gcc/nios2-elf/5.3.0/../../../../../H-x86_64-mingw32/nios2-elf/lib/mhw-mulx\libc.a(closer.o)
 .text._close_r
                0x000000000005041c       0x54 d:/intelfpga/16.1/nios2eds/bin/gnu/h-x86_64-mingw32/bin/../lib/gcc/nios2-elf/5.3.0/../../../../../H-x86_64-mingw32/nios2-elf/lib/mhw-mulx\libc.a(closer.o)
                0x000000000005041c                _close_r
 .text          0x0000000000050470        0x0 d:/intelfpga/16.1/nios2eds/bin/gnu/h-x86_64-mingw32/bin/../lib/gcc/nios2-elf/5.3.0/../../../../../H-x86_64-mingw32/nios2-elf/lib/mhw-mulx\libc.a(lib_a-callocr.o)
 .text._calloc_r
                0x0000000000050470       0xc4 d:/intelfpga/16.1/nios2eds/bin/gnu/h-x86_64-mingw32/bin/../lib/gcc/nios2-elf/5.3.0/../../../../../H-x86_64-mingw32/nios2-elf/lib/mhw-mulx\libc.a(lib_a-callocr.o)
                0x0000000000050470                _calloc_r
 .text          0x0000000000050534        0x0 d:/intelfpga/16.1/nios2eds/bin/gnu/h-x86_64-mingw32/bin/../lib/gcc/nios2-elf/5.3.0/../../../../../H-x86_64-mingw32/nios2-elf/lib/mhw-mulx\libc.a(lib_a-fclose.o)
 .text._fclose_r
                0x0000000000050534       0xf0 d:/intelfpga/16.1/nios2eds/bin/gnu/h-x86_64-mingw32/bin/../lib/gcc/nios2-elf/5.3.0/../../../../../H-x86_64-mingw32/nios2-elf/lib/mhw-mulx\libc.a(lib_a-fclose.o)
                0x0000000000050534                _fclose_r
 .text.fclose   0x0000000000050624       0x14 d:/intelfpga/16.1/nios2eds/bin/gnu/h-x86_64-mingw32/bin/../lib/gcc/nios2-elf/5.3.0/../../../../../H-x86_64-mingw32/nios2-elf/lib/mhw-mulx\libc.a(lib_a-fclose.o)
                0x0000000000050624                fclose
 .text          0x0000000000050638        0x0 d:/intelfpga/16.1/nios2eds/bin/gnu/h-x86_64-mingw32/bin/../lib/gcc/nios2-elf/5.3.0/../../../../../H-x86_64-mingw32/nios2-elf/lib/mhw-mulx\libc.a(lib_a-fputwc.o)
 .text.__fputwc
                0x0000000000050638      0x164 d:/intelfpga/16.1/nios2eds/bin/gnu/h-x86_64-mingw32/bin/../lib/gcc/nios2-elf/5.3.0/../../../../../H-x86_64-mingw32/nios2-elf/lib/mhw-mulx\libc.a(lib_a-fputwc.o)
                0x0000000000050638                __fputwc
 .text._fputwc_r
                0x000000000005079c       0x24 d:/intelfpga/16.1/nios2eds/bin/gnu/h-x86_64-mingw32/bin/../lib/gcc/nios2-elf/5.3.0/../../../../../H-x86_64-mingw32/nios2-elf/lib/mhw-mulx\libc.a(lib_a-fputwc.o)
                0x000000000005079c                _fputwc_r
 .text.fputwc   0x00000000000507c0       0x80 d:/intelfpga/16.1/nios2eds/bin/gnu/h-x86_64-mingw32/bin/../lib/gcc/nios2-elf/5.3.0/../../../../../H-x86_64-mingw32/nios2-elf/lib/mhw-mulx\libc.a(lib_a-fputwc.o)
                0x00000000000507c0                fputwc
 .text          0x0000000000050840        0x0 d:/intelfpga/16.1/nios2eds/bin/gnu/h-x86_64-mingw32/bin/../lib/gcc/nios2-elf/5.3.0/../../../../../H-x86_64-mingw32/nios2-elf/lib/mhw-mulx\libc.a(lib_a-fstatr.o)
 .text._fstat_r
                0x0000000000050840       0x5c d:/intelfpga/16.1/nios2eds/bin/gnu/h-x86_64-mingw32/bin/../lib/gcc/nios2-elf/5.3.0/../../../../../H-x86_64-mingw32/nios2-elf/lib/mhw-mulx\libc.a(lib_a-fstatr.o)
                0x0000000000050840                _fstat_r
 .text          0x000000000005089c        0x0 d:/intelfpga/16.1/nios2eds/bin/gnu/h-x86_64-mingw32/bin/../lib/gcc/nios2-elf/5.3.0/../../../../../H-x86_64-mingw32/nios2-elf/lib/mhw-mulx\libc.a(lib_a-int_errno.o)
 .text          0x000000000005089c        0x0 d:/intelfpga/16.1/nios2eds/bin/gnu/h-x86_64-mingw32/bin/../lib/gcc/nios2-elf/5.3.0/../../../../../H-x86_64-mingw32/nios2-elf/lib/mhw-mulx\libc.a(lib_a-isattyr.o)
 .text._isatty_r
                0x000000000005089c       0x54 d:/intelfpga/16.1/nios2eds/bin/gnu/h-x86_64-mingw32/bin/../lib/gcc/nios2-elf/5.3.0/../../../../../H-x86_64-mingw32/nios2-elf/lib/mhw-mulx\libc.a(lib_a-isattyr.o)
                0x000000000005089c                _isatty_r
 .text          0x00000000000508f0        0x0 d:/intelfpga/16.1/nios2eds/bin/gnu/h-x86_64-mingw32/bin/../lib/gcc/nios2-elf/5.3.0/../../../../../H-x86_64-mingw32/nios2-elf/lib/mhw-mulx\libc.a(lib_a-lseekr.o)
 .text._lseek_r
                0x00000000000508f0       0x60 d:/intelfpga/16.1/nios2eds/bin/gnu/h-x86_64-mingw32/bin/../lib/gcc/nios2-elf/5.3.0/../../../../../H-x86_64-mingw32/nios2-elf/lib/mhw-mulx\libc.a(lib_a-lseekr.o)
                0x00000000000508f0                _lseek_r
 .text          0x0000000000050950        0x0 d:/intelfpga/16.1/nios2eds/bin/gnu/h-x86_64-mingw32/bin/../lib/gcc/nios2-elf/5.3.0/../../../../../H-x86_64-mingw32/nios2-elf/lib/mhw-mulx\libc.a(lib_a-readr.o)
 .text._read_r  0x0000000000050950       0x60 d:/intelfpga/16.1/nios2eds/bin/gnu/h-x86_64-mingw32/bin/../lib/gcc/nios2-elf/5.3.0/../../../../../H-x86_64-mingw32/nios2-elf/lib/mhw-mulx\libc.a(lib_a-readr.o)
                0x0000000000050950                _read_r
 .text          0x00000000000509b0        0x0 d:/intelfpga/16.1/nios2eds/bin/gnu/h-x86_64-mingw32/bin/../lib/gcc/nios2-elf/5.3.0/../../../../../H-x86_64-mingw32/nios2-elf/lib/mhw-mulx\libc.a(lib_a-wbuf.o)
 .text.__swbuf_r
                0x00000000000509b0      0x140 d:/intelfpga/16.1/nios2eds/bin/gnu/h-x86_64-mingw32/bin/../lib/gcc/nios2-elf/5.3.0/../../../../../H-x86_64-mingw32/nios2-elf/lib/mhw-mulx\libc.a(lib_a-wbuf.o)
                0x00000000000509b0                __swbuf_r
 .text.__swbuf  0x0000000000050af0       0x18 d:/intelfpga/16.1/nios2eds/bin/gnu/h-x86_64-mingw32/bin/../lib/gcc/nios2-elf/5.3.0/../../../../../H-x86_64-mingw32/nios2-elf/lib/mhw-mulx\libc.a(lib_a-wbuf.o)
                0x0000000000050af0                __swbuf
 .text          0x0000000000050b08        0x0 d:/intelfpga/16.1/nios2eds/bin/gnu/h-x86_64-mingw32/bin/../lib/gcc/nios2-elf/5.3.0/../../../../../H-x86_64-mingw32/nios2-elf/lib/mhw-mulx\libc.a(lib_a-wcrtomb.o)
 .text._wcrtomb_r
                0x0000000000050b08       0x9c d:/intelfpga/16.1/nios2eds/bin/gnu/h-x86_64-mingw32/bin/../lib/gcc/nios2-elf/5.3.0/../../../../../H-x86_64-mingw32/nios2-elf/lib/mhw-mulx\libc.a(lib_a-wcrtomb.o)
                0x0000000000050b08                _wcrtomb_r
 .text.wcrtomb  0x0000000000050ba4       0xc0 d:/intelfpga/16.1/nios2eds/bin/gnu/h-x86_64-mingw32/bin/../lib/gcc/nios2-elf/5.3.0/../../../../../H-x86_64-mingw32/nios2-elf/lib/mhw-mulx\libc.a(lib_a-wcrtomb.o)
                0x0000000000050ba4                wcrtomb
 .text          0x0000000000050c64        0x0 d:/intelfpga/16.1/nios2eds/bin/gnu/h-x86_64-mingw32/bin/../lib/gcc/nios2-elf/5.3.0/../../../../../H-x86_64-mingw32/nios2-elf/lib/mhw-mulx\libc.a(lib_a-wctomb_r.o)
 .text.__ascii_wctomb
                0x0000000000050c64       0x30 d:/intelfpga/16.1/nios2eds/bin/gnu/h-x86_64-mingw32/bin/../lib/gcc/nios2-elf/5.3.0/../../../../../H-x86_64-mingw32/nios2-elf/lib/mhw-mulx\libc.a(lib_a-wctomb_r.o)
                0x0000000000050c64                __ascii_wctomb
 .text._wctomb_r
                0x0000000000050c94       0x5c d:/intelfpga/16.1/nios2eds/bin/gnu/h-x86_64-mingw32/bin/../lib/gcc/nios2-elf/5.3.0/../../../../../H-x86_64-mingw32/nios2-elf/lib/mhw-mulx\libc.a(lib_a-wctomb_r.o)
                0x0000000000050c94                _wctomb_r
 .text          0x0000000000050cf0      0x578 d:/intelfpga/16.1/nios2eds/bin/gnu/h-x86_64-mingw32/bin/../lib/gcc/nios2-elf/5.3.0/mhw-mulx\libgcc.a(_udivdi3.o)
                0x0000000000050cf0                __udivdi3
 .text          0x0000000000051268      0x538 d:/intelfpga/16.1/nios2eds/bin/gnu/h-x86_64-mingw32/bin/../lib/gcc/nios2-elf/5.3.0/mhw-mulx\libgcc.a(_umoddi3.o)
                0x0000000000051268                __umoddi3
 .text          0x00000000000517a0       0x88 d:/intelfpga/16.1/nios2eds/bin/gnu/h-x86_64-mingw32/bin/../lib/gcc/nios2-elf/5.3.0/mhw-mulx\libgcc.a(eqdf2.o)
                0x00000000000517a0                __nedf2
                0x00000000000517a0                __eqdf2
 .text          0x0000000000051828       0xdc d:/intelfpga/16.1/nios2eds/bin/gnu/h-x86_64-mingw32/bin/../lib/gcc/nios2-elf/5.3.0/mhw-mulx\libgcc.a(gedf2.o)
                0x0000000000051828                __gedf2
                0x0000000000051828                __gtdf2
 .text          0x0000000000051904       0xf4 d:/intelfpga/16.1/nios2eds/bin/gnu/h-x86_64-mingw32/bin/../lib/gcc/nios2-elf/5.3.0/mhw-mulx\libgcc.a(ledf2.o)
                0x0000000000051904                __ledf2
                0x0000000000051904                __ltdf2
 .text          0x00000000000519f8      0x718 d:/intelfpga/16.1/nios2eds/bin/gnu/h-x86_64-mingw32/bin/../lib/gcc/nios2-elf/5.3.0/mhw-mulx\libgcc.a(muldf3.o)
                0x00000000000519f8                __muldf3
 .text          0x0000000000052110      0x8fc d:/intelfpga/16.1/nios2eds/bin/gnu/h-x86_64-mingw32/bin/../lib/gcc/nios2-elf/5.3.0/mhw-mulx\libgcc.a(subdf3.o)
                0x0000000000052110                __subdf3
 .text          0x0000000000052a0c       0x80 d:/intelfpga/16.1/nios2eds/bin/gnu/h-x86_64-mingw32/bin/../lib/gcc/nios2-elf/5.3.0/mhw-mulx\libgcc.a(fixdfsi.o)
                0x0000000000052a0c                __fixdfsi
 .text          0x0000000000052a8c       0xdc d:/intelfpga/16.1/nios2eds/bin/gnu/h-x86_64-mingw32/bin/../lib/gcc/nios2-elf/5.3.0/mhw-mulx\libgcc.a(floatsidf.o)
                0x0000000000052a8c                __floatsidf
 .text          0x0000000000052b68       0xa8 d:/intelfpga/16.1/nios2eds/bin/gnu/h-x86_64-mingw32/bin/../lib/gcc/nios2-elf/5.3.0/mhw-mulx\libgcc.a(floatunsidf.o)
                0x0000000000052b68                __floatunsidf
 .text          0x0000000000052c10      0x10c ../TR5_FMC_HDMI_bsp\libhal_bsp.a(alt_close.o)
                0x0000000000052c4c                close
 .text          0x0000000000052d1c       0x2c ../TR5_FMC_HDMI_bsp\libhal_bsp.a(alt_dev.o)
 .text          0x0000000000052d48        0x0 ../TR5_FMC_HDMI_bsp\libhal_bsp.a(alt_errno.o)
 .text          0x0000000000052d48       0xec ../TR5_FMC_HDMI_bsp\libhal_bsp.a(alt_fstat.o)
                0x0000000000052d84                fstat
 .text          0x0000000000052e34      0x1b0 ../TR5_FMC_HDMI_bsp\libhal_bsp.a(alt_iic.o)
                0x0000000000052e34                alt_ic_isr_register
                0x0000000000052e84                alt_ic_irq_enable
                0x0000000000052f0c                alt_ic_irq_disable
                0x0000000000052f98                alt_ic_irq_enabled
 .text          0x0000000000052fe4       0xf0 ../TR5_FMC_HDMI_bsp\libhal_bsp.a(alt_iic_isr_register.o)
                0x0000000000052fe4                alt_iic_isr_register
 .text          0x00000000000530d4        0x0 ../TR5_FMC_HDMI_bsp\libhal_bsp.a(alt_irq_entry.o)
 .text          0x00000000000530d4        0x0 ../TR5_FMC_HDMI_bsp\libhal_bsp.a(alt_irq_handler.o)
 .text          0x00000000000530d4        0x0 ../TR5_FMC_HDMI_bsp\libhal_bsp.a(alt_irq_vars.o)
 .text          0x00000000000530d4       0xe0 ../TR5_FMC_HDMI_bsp\libhal_bsp.a(alt_isatty.o)
                0x0000000000053110                isatty
 .text          0x00000000000531b4       0xec ../TR5_FMC_HDMI_bsp\libhal_bsp.a(alt_load.o)
                0x000000000005321c                alt_load
 .text          0x00000000000532a0      0x110 ../TR5_FMC_HDMI_bsp\libhal_bsp.a(alt_lseek.o)
                0x00000000000532dc                lseek
 .text          0x00000000000533b0       0x7c ../TR5_FMC_HDMI_bsp\libhal_bsp.a(alt_main.o)
                0x00000000000533b0                alt_main
 .text          0x000000000005342c       0x48 ../TR5_FMC_HDMI_bsp\libhal_bsp.a(alt_malloc_lock.o)
                0x000000000005342c                __malloc_lock
                0x0000000000053450                __malloc_unlock
 .text          0x0000000000053474      0x138 ../TR5_FMC_HDMI_bsp\libhal_bsp.a(alt_read.o)
                0x00000000000534b0                read
 .text          0x00000000000535ac       0x64 ../TR5_FMC_HDMI_bsp\libhal_bsp.a(alt_release_fd.o)
                0x00000000000535ac                alt_release_fd
 .text          0x0000000000053610       0xb0 ../TR5_FMC_HDMI_bsp\libhal_bsp.a(alt_sbrk.o)
                0x0000000000053610                sbrk
 .text          0x00000000000536c0       0x30 ../TR5_FMC_HDMI_bsp\libhal_bsp.a(alt_usleep.o)
                0x00000000000536c0                usleep
 .text          0x00000000000536f0      0x134 ../TR5_FMC_HDMI_bsp\libhal_bsp.a(alt_write.o)
                0x000000000005372c                write
 .text          0x0000000000053824       0xcc ../TR5_FMC_HDMI_bsp\libhal_bsp.a(alt_sys_init.o)
                0x0000000000053858                alt_irq_init
                0x0000000000053890                alt_sys_init
 .text          0x00000000000538f0      0x164 ../TR5_FMC_HDMI_bsp\libhal_bsp.a(altera_avalon_jtag_uart_fd.o)
                0x00000000000538f0                altera_avalon_jtag_uart_read_fd
                0x0000000000053950                altera_avalon_jtag_uart_write_fd
                0x00000000000539b0                altera_avalon_jtag_uart_close_fd
                0x0000000000053a00                altera_avalon_jtag_uart_ioctl_fd
 .text          0x0000000000053a54      0x3d4 ../TR5_FMC_HDMI_bsp\libhal_bsp.a(altera_avalon_jtag_uart_init.o)
                0x0000000000053a54                altera_avalon_jtag_uart_init
                0x0000000000053dc0                altera_avalon_jtag_uart_close
 .text          0x0000000000053e28       0xf0 ../TR5_FMC_HDMI_bsp\libhal_bsp.a(altera_avalon_jtag_uart_ioctl.o)
                0x0000000000053e28                altera_avalon_jtag_uart_ioctl
 .text          0x0000000000053f18      0x21c ../TR5_FMC_HDMI_bsp\libhal_bsp.a(altera_avalon_jtag_uart_read.o)
                0x0000000000053f18                altera_avalon_jtag_uart_read
 .text          0x0000000000054134      0x224 ../TR5_FMC_HDMI_bsp\libhal_bsp.a(altera_avalon_jtag_uart_write.o)
                0x0000000000054134                altera_avalon_jtag_uart_write
 .text          0x0000000000054358       0xf4 ../TR5_FMC_HDMI_bsp\libhal_bsp.a(altera_avalon_timer_sc.o)
                0x00000000000543d0                alt_avalon_timer_sc_init
 .text          0x000000000005444c      0x12c ../TR5_FMC_HDMI_bsp\libhal_bsp.a(alt_alarm_start.o)
                0x000000000005444c                alt_alarm_start
 .text          0x0000000000054578      0x158 ../TR5_FMC_HDMI_bsp\libhal_bsp.a(alt_busy_sleep.o)
                0x0000000000054578                alt_busy_sleep
 .text          0x00000000000546d0       0x48 ../TR5_FMC_HDMI_bsp\libhal_bsp.a(alt_dcache_flush_all.o)
                0x00000000000546d0                alt_dcache_flush_all
 .text          0x0000000000054718       0xe0 ../TR5_FMC_HDMI_bsp\libhal_bsp.a(alt_dev_llist_insert.o)
                0x0000000000054754                alt_dev_llist_insert
 .text          0x00000000000547f8       0x60 ../TR5_FMC_HDMI_bsp\libhal_bsp.a(alt_do_ctors.o)
                0x00000000000547f8                _do_ctors
 .text          0x0000000000054858       0x60 ../TR5_FMC_HDMI_bsp\libhal_bsp.a(alt_do_dtors.o)
                0x0000000000054858                _do_dtors
 .text          0x00000000000548b8        0x0 ../TR5_FMC_HDMI_bsp\libhal_bsp.a(alt_exception_entry.o)
 .text          0x00000000000548b8       0x34 ../TR5_FMC_HDMI_bsp\libhal_bsp.a(alt_icache_flush_all.o)
                0x00000000000548b8                alt_icache_flush_all
 .text          0x00000000000548ec       0x9c ../TR5_FMC_HDMI_bsp\libhal_bsp.a(alt_instruction_exception_entry.o)
                0x00000000000548ec                alt_exception_cause_generated_bad_addr
 .text          0x0000000000054988      0x140 ../TR5_FMC_HDMI_bsp\libhal_bsp.a(alt_io_redirect.o)
                0x0000000000054a4c                alt_io_redirect
 .text          0x0000000000054ac8      0x254 ../TR5_FMC_HDMI_bsp\libhal_bsp.a(alt_open.o)
                0x0000000000054bc8                open
 .text          0x0000000000054d1c      0x1a4 ../TR5_FMC_HDMI_bsp\libhal_bsp.a(alt_tick.o)
                0x0000000000054d1c                alt_alarm_stop
                0x0000000000054db8                alt_tick
 .text          0x0000000000054ec0       0x24 ../TR5_FMC_HDMI_bsp\libhal_bsp.a(altera_nios2_gen2_irq.o)
                0x0000000000054ec0                altera_nios2_gen2_irq_init
 .text          0x0000000000054ee4       0x90 ../TR5_FMC_HDMI_bsp\libhal_bsp.a(alt_find_dev.o)
                0x0000000000054ee4                alt_find_dev
 .text          0x0000000000054f74      0x108 ../TR5_FMC_HDMI_bsp\libhal_bsp.a(alt_find_file.o)
                0x0000000000054f74                alt_find_file
 .text          0x000000000005507c       0xa4 ../TR5_FMC_HDMI_bsp\libhal_bsp.a(alt_get_fd.o)
                0x000000000005507c                alt_get_fd
 .text          0x0000000000055120       0x90 ../TR5_FMC_HDMI_bsp\libhal_bsp.a(alt_icache_flush.o)
                0x0000000000055120                alt_icache_flush
 .text          0x00000000000551b0        0x0 d:/intelfpga/16.1/nios2eds/bin/gnu/h-x86_64-mingw32/bin/../lib/gcc/nios2-elf/5.3.0/../../../../../H-x86_64-mingw32/nios2-elf/lib/mhw-mulx\libc.a(lib_a-atexit.o)
 .text.atexit   0x00000000000551b0       0x14 d:/intelfpga/16.1/nios2eds/bin/gnu/h-x86_64-mingw32/bin/../lib/gcc/nios2-elf/5.3.0/../../../../../H-x86_64-mingw32/nios2-elf/lib/mhw-mulx\libc.a(lib_a-atexit.o)
                0x00000000000551b0                atexit
 .text          0x00000000000551c4        0x0 d:/intelfpga/16.1/nios2eds/bin/gnu/h-x86_64-mingw32/bin/../lib/gcc/nios2-elf/5.3.0/../../../../../H-x86_64-mingw32/nios2-elf/lib/mhw-mulx\libc.a(lib_a-exit.o)
 .text.exit     0x00000000000551c4       0x38 d:/intelfpga/16.1/nios2eds/bin/gnu/h-x86_64-mingw32/bin/../lib/gcc/nios2-elf/5.3.0/../../../../../H-x86_64-mingw32/nios2-elf/lib/mhw-mulx\libc.a(lib_a-exit.o)
                0x00000000000551c4                exit
 .text          0x00000000000551fc        0x0 d:/intelfpga/16.1/nios2eds/bin/gnu/h-x86_64-mingw32/bin/../lib/gcc/nios2-elf/5.3.0/../../../../../H-x86_64-mingw32/nios2-elf/lib/mhw-mulx\libc.a(lib_a-memcmp.o)
 .text.memcmp   0x00000000000551fc       0x7c d:/intelfpga/16.1/nios2eds/bin/gnu/h-x86_64-mingw32/bin/../lib/gcc/nios2-elf/5.3.0/../../../../../H-x86_64-mingw32/nios2-elf/lib/mhw-mulx\libc.a(lib_a-memcmp.o)
                0x00000000000551fc                memcmp
 .text          0x0000000000055278        0x0 d:/intelfpga/16.1/nios2eds/bin/gnu/h-x86_64-mingw32/bin/../lib/gcc/nios2-elf/5.3.0/../../../../../H-x86_64-mingw32/nios2-elf/lib/mhw-mulx\libc.a(lib_a-__atexit.o)
 .text.__register_exitproc
                0x0000000000055278      0x118 d:/intelfpga/16.1/nios2eds/bin/gnu/h-x86_64-mingw32/bin/../lib/gcc/nios2-elf/5.3.0/../../../../../H-x86_64-mingw32/nios2-elf/lib/mhw-mulx\libc.a(lib_a-__atexit.o)
                0x0000000000055278                __register_exitproc
 .text          0x0000000000055390        0x0 d:/intelfpga/16.1/nios2eds/bin/gnu/h-x86_64-mingw32/bin/../lib/gcc/nios2-elf/5.3.0/../../../../../H-x86_64-mingw32/nios2-elf/lib/mhw-mulx\libc.a(lib_a-__call_atexit.o)
 .text.__call_exitprocs
                0x0000000000055390      0x180 d:/intelfpga/16.1/nios2eds/bin/gnu/h-x86_64-mingw32/bin/../lib/gcc/nios2-elf/5.3.0/../../../../../H-x86_64-mingw32/nios2-elf/lib/mhw-mulx\libc.a(lib_a-__call_atexit.o)
                0x0000000000055390                __call_exitprocs
 .text          0x0000000000055510       0x34 ../TR5_FMC_HDMI_bsp\libhal_bsp.a(alt_exit.o)
                0x0000000000055510                _exit
 *(.gnu.warning.*)
 *(.fini)
                [!provide]                        PROVIDE (__etext, ABSOLUTE (.))
                [!provide]                        PROVIDE (_etext, ABSOLUTE (.))
                [!provide]                        PROVIDE (etext, ABSOLUTE (.))
 *(.eh_frame_hdr)
                0x0000000000055544                . = ALIGN (0x4)
                [!provide]                        PROVIDE (__preinit_array_start, ABSOLUTE (.))
 *(.preinit_array)
                [!provide]                        PROVIDE (__preinit_array_end, ABSOLUTE (.))
                [!provide]                        PROVIDE (__init_array_start, ABSOLUTE (.))
 *(.init_array)
                [!provide]                        PROVIDE (__init_array_end, ABSOLUTE (.))
                [!provide]                        PROVIDE (__fini_array_start, ABSOLUTE (.))
 *(.fini_array)
                [!provide]                        PROVIDE (__fini_array_end, ABSOLUTE (.))
 *(.eh_frame)
 *(.gcc_except_table .gcc_except_table.*)
 *(.dynamic)
                0x0000000000055544                PROVIDE (__CTOR_LIST__, ABSOLUTE (.))
 *(.ctors)
 *(SORT(.ctors.*))
                0x0000000000055544                PROVIDE (__CTOR_END__, ABSOLUTE (.))
                0x0000000000055544                PROVIDE (__DTOR_LIST__, ABSOLUTE (.))
 *(.dtors)
 *(SORT(.dtors.*))
                0x0000000000055544                PROVIDE (__DTOR_END__, ABSOLUTE (.))
 *(.jcr)
                0x0000000000055544                . = ALIGN (0x4)

.rodata         0x0000000000055544      0x9dc
                0x0000000000055544                PROVIDE (__ram_rodata_start, ABSOLUTE (.))
                0x0000000000055544                . = ALIGN (0x4)
 *(.rodata .rodata.* .gnu.linkonce.r.*)
 .rodata        0x0000000000055544      0x16d obj/default/HDMI_RX.o
                0x0000000000055544                szDefaultEDID
 *fill*         0x00000000000556b1        0x3 
 .rodata        0x00000000000556b4       0xf7 obj/default/HDMI_TX.o
 *fill*         0x00000000000557ab        0x1 
 .rodata        0x00000000000557ac      0x3bf obj/default/main.o
 *fill*         0x0000000000055b6b        0x1 
 .rodata        0x0000000000055b6c       0x6b obj/default/terasic_lib/I2C.o
 *fill*         0x0000000000055bd7        0x1 
 .rodata        0x0000000000055bd8        0xf obj/default/terasic_lib/debug.o
 .rodata        0x0000000000055be7      0x100 d:/intelfpga/16.1/nios2eds/bin/gnu/h-x86_64-mingw32/bin/../lib/gcc/nios2-elf/5.3.0/mhw-mulx\libgcc.a(_clz.o)
                0x0000000000055be7                __clz_tab
 *fill*         0x0000000000055ce7        0x1 
 .rodata.str1.4
                0x0000000000055ce8        0x2 d:/intelfpga/16.1/nios2eds/bin/gnu/h-x86_64-mingw32/bin/../lib/gcc/nios2-elf/5.3.0/../../../../../H-x86_64-mingw32/nios2-elf/lib/mhw-mulx\libc.a(lib_a-puts.o)
 *fill*         0x0000000000055cea        0x2 
 .rodata.str1.4
                0x0000000000055cec       0x42 d:/intelfpga/16.1/nios2eds/bin/gnu/h-x86_64-mingw32/bin/../lib/gcc/nios2-elf/5.3.0/../../../../../H-x86_64-mingw32/nios2-elf/lib/mhw-mulx\libc.a(lib_a-svfprintf.o)
 .rodata.zeroes.4389
                0x0000000000055d2e       0x10 d:/intelfpga/16.1/nios2eds/bin/gnu/h-x86_64-mingw32/bin/../lib/gcc/nios2-elf/5.3.0/../../../../../H-x86_64-mingw32/nios2-elf/lib/mhw-mulx\libc.a(lib_a-svfprintf.o)
 .rodata.blanks.4388
                0x0000000000055d3e       0x10 d:/intelfpga/16.1/nios2eds/bin/gnu/h-x86_64-mingw32/bin/../lib/gcc/nios2-elf/5.3.0/../../../../../H-x86_64-mingw32/nios2-elf/lib/mhw-mulx\libc.a(lib_a-svfprintf.o)
 .rodata.str1.4
                0x0000000000055d4e       0x42 d:/intelfpga/16.1/nios2eds/bin/gnu/h-x86_64-mingw32/bin/../lib/gcc/nios2-elf/5.3.0/../../../../../H-x86_64-mingw32/nios2-elf/lib/mhw-mulx\libc.a(lib_a-vfprintf.o)
 .rodata.zeroes.4404
                0x0000000000055d4e       0x10 d:/intelfpga/16.1/nios2eds/bin/gnu/h-x86_64-mingw32/bin/../lib/gcc/nios2-elf/5.3.0/../../../../../H-x86_64-mingw32/nios2-elf/lib/mhw-mulx\libc.a(lib_a-vfprintf.o)
 .rodata.blanks.4403
                0x0000000000055d5e       0x10 d:/intelfpga/16.1/nios2eds/bin/gnu/h-x86_64-mingw32/bin/../lib/gcc/nios2-elf/5.3.0/../../../../../H-x86_64-mingw32/nios2-elf/lib/mhw-mulx\libc.a(lib_a-vfprintf.o)
 *fill*         0x0000000000055d6e        0x2 
 .rodata.str1.4
                0x0000000000055d70       0x10 d:/intelfpga/16.1/nios2eds/bin/gnu/h-x86_64-mingw32/bin/../lib/gcc/nios2-elf/5.3.0/../../../../../H-x86_64-mingw32/nios2-elf/lib/mhw-mulx\libc.a(lib_a-dtoa.o)
                                         0x12 (size before relaxing)
 .rodata.str1.4
                0x0000000000055d80        0x2 d:/intelfpga/16.1/nios2eds/bin/gnu/h-x86_64-mingw32/bin/../lib/gcc/nios2-elf/5.3.0/../../../../../H-x86_64-mingw32/nios2-elf/lib/mhw-mulx\libc.a(lib_a-impure.o)
 *fill*         0x0000000000055d82        0x2 
 .rodata.str1.4
                0x0000000000055d84        0xc d:/intelfpga/16.1/nios2eds/bin/gnu/h-x86_64-mingw32/bin/../lib/gcc/nios2-elf/5.3.0/../../../../../H-x86_64-mingw32/nios2-elf/lib/mhw-mulx\libc.a(lib_a-locale.o)
                                         0x12 (size before relaxing)
 .rodata.p05.2768
                0x0000000000055d90        0xc d:/intelfpga/16.1/nios2eds/bin/gnu/h-x86_64-mingw32/bin/../lib/gcc/nios2-elf/5.3.0/../../../../../H-x86_64-mingw32/nios2-elf/lib/mhw-mulx\libc.a(lib_a-mprec.o)
 .rodata.__mprec_tinytens
                0x0000000000055d9c       0x28 d:/intelfpga/16.1/nios2eds/bin/gnu/h-x86_64-mingw32/bin/../lib/gcc/nios2-elf/5.3.0/../../../../../H-x86_64-mingw32/nios2-elf/lib/mhw-mulx\libc.a(lib_a-mprec.o)
                0x0000000000055d9c                __mprec_tinytens
 .rodata.__mprec_bigtens
                0x0000000000055dc4       0x28 d:/intelfpga/16.1/nios2eds/bin/gnu/h-x86_64-mingw32/bin/../lib/gcc/nios2-elf/5.3.0/../../../../../H-x86_64-mingw32/nios2-elf/lib/mhw-mulx\libc.a(lib_a-mprec.o)
                0x0000000000055dc4                __mprec_bigtens
 .rodata.__mprec_tens
                0x0000000000055dec       0xc8 d:/intelfpga/16.1/nios2eds/bin/gnu/h-x86_64-mingw32/bin/../lib/gcc/nios2-elf/5.3.0/../../../../../H-x86_64-mingw32/nios2-elf/lib/mhw-mulx\libc.a(lib_a-mprec.o)
                0x0000000000055dec                __mprec_tens
 .rodata.str1.4
                0x0000000000055eb4       0x2f d:/intelfpga/16.1/nios2eds/bin/gnu/h-x86_64-mingw32/bin/../lib/gcc/nios2-elf/5.3.0/../../../../../H-x86_64-mingw32/nios2-elf/lib/mhw-mulx\libc.a(lib_a-svfiprintf.o)
 .rodata.zeroes.4333
                0x0000000000055eb4       0x10 d:/intelfpga/16.1/nios2eds/bin/gnu/h-x86_64-mingw32/bin/../lib/gcc/nios2-elf/5.3.0/../../../../../H-x86_64-mingw32/nios2-elf/lib/mhw-mulx\libc.a(lib_a-svfiprintf.o)
 .rodata.blanks.4332
                0x0000000000055ec4       0x10 d:/intelfpga/16.1/nios2eds/bin/gnu/h-x86_64-mingw32/bin/../lib/gcc/nios2-elf/5.3.0/../../../../../H-x86_64-mingw32/nios2-elf/lib/mhw-mulx\libc.a(lib_a-svfiprintf.o)
 .rodata.str1.4
                0x0000000000055ed4       0x2f d:/intelfpga/16.1/nios2eds/bin/gnu/h-x86_64-mingw32/bin/../lib/gcc/nios2-elf/5.3.0/../../../../../H-x86_64-mingw32/nios2-elf/lib/mhw-mulx\libc.a(lib_a-vfiprintf.o)
 .rodata.zeroes.4349
                0x0000000000055ed4       0x10 d:/intelfpga/16.1/nios2eds/bin/gnu/h-x86_64-mingw32/bin/../lib/gcc/nios2-elf/5.3.0/../../../../../H-x86_64-mingw32/nios2-elf/lib/mhw-mulx\libc.a(lib_a-vfiprintf.o)
 .rodata.blanks.4348
                0x0000000000055ee4       0x10 d:/intelfpga/16.1/nios2eds/bin/gnu/h-x86_64-mingw32/bin/../lib/gcc/nios2-elf/5.3.0/../../../../../H-x86_64-mingw32/nios2-elf/lib/mhw-mulx\libc.a(lib_a-vfiprintf.o)
 .rodata        0x0000000000055ef4        0xa ../TR5_FMC_HDMI_bsp\libhal_bsp.a(alt_dev.o)
 *fill*         0x0000000000055efe        0x2 
 .rodata        0x0000000000055f00        0xf ../TR5_FMC_HDMI_bsp\libhal_bsp.a(alt_main.o)
 *fill*         0x0000000000055f0f        0x1 
 .rodata        0x0000000000055f10        0xf ../TR5_FMC_HDMI_bsp\libhal_bsp.a(alt_sys_init.o)
 *(.rodata1)
                0x0000000000055f20                . = ALIGN (0x4)
 *fill*         0x0000000000055f1f        0x1 
                0x0000000000055f20                PROVIDE (__ram_rodata_end, ABSOLUTE (.))
                0x0000000000055544                PROVIDE (__flash_rodata_start, LOADADDR (.rodata))

.rwdata         0x0000000000055f20     0x1bbc load address 0x0000000000057adc
                0x0000000000055f20                PROVIDE (__ram_rwdata_start, ABSOLUTE (.))
                0x0000000000055f20                . = ALIGN (0x4)
 *(.got.plt)
 *(.got)
 *(.data1)
 *(.data .data.* .gnu.linkonce.d.*)
 .data          0x0000000000055f20        0x0 ../TR5_FMC_HDMI_bsp//obj/HAL/src/crt0.o
 .data          0x0000000000055f20        0x0 obj/default/HDMI_RX.o
 .data          0x0000000000055f20        0x0 obj/default/HDMI_TX.o
 .data          0x0000000000055f20       0xd0 obj/default/main.o
                0x0000000000055f20                regData
 .data          0x0000000000055ff0        0x0 obj/default/terasic_lib/I2C.o
 .data          0x0000000000055ff0        0x0 obj/default/terasic_lib/debug.o
 .data          0x0000000000055ff0        0x0 d:/intelfpga/16.1/nios2eds/bin/gnu/h-x86_64-mingw32/bin/../lib/gcc/nios2-elf/5.3.0/mhw-mulx\libgcc.a(floatsisf.o)
 .data          0x0000000000055ff0        0x0 d:/intelfpga/16.1/nios2eds/bin/gnu/h-x86_64-mingw32/bin/../lib/gcc/nios2-elf/5.3.0/mhw-mulx\libgcc.a(floatunsisf.o)
 .data          0x0000000000055ff0        0x0 d:/intelfpga/16.1/nios2eds/bin/gnu/h-x86_64-mingw32/bin/../lib/gcc/nios2-elf/5.3.0/mhw-mulx\libgcc.a(adddf3.o)
 .data          0x0000000000055ff0        0x0 d:/intelfpga/16.1/nios2eds/bin/gnu/h-x86_64-mingw32/bin/../lib/gcc/nios2-elf/5.3.0/mhw-mulx\libgcc.a(divdf3.o)
 .data          0x0000000000055ff0        0x0 d:/intelfpga/16.1/nios2eds/bin/gnu/h-x86_64-mingw32/bin/../lib/gcc/nios2-elf/5.3.0/mhw-mulx\libgcc.a(extendsfdf2.o)
 .data          0x0000000000055ff0        0x0 d:/intelfpga/16.1/nios2eds/bin/gnu/h-x86_64-mingw32/bin/../lib/gcc/nios2-elf/5.3.0/mhw-mulx\libgcc.a(truncdfsf2.o)
 .data          0x0000000000055ff0        0x0 d:/intelfpga/16.1/nios2eds/bin/gnu/h-x86_64-mingw32/bin/../lib/gcc/nios2-elf/5.3.0/mhw-mulx\libgcc.a(_clzsi2.o)
 .data          0x0000000000055ff0        0x0 d:/intelfpga/16.1/nios2eds/bin/gnu/h-x86_64-mingw32/bin/../lib/gcc/nios2-elf/5.3.0/mhw-mulx\libgcc.a(lib2-divmod.o)
 .data          0x0000000000055ff0        0x0 d:/intelfpga/16.1/nios2eds/bin/gnu/h-x86_64-mingw32/bin/../lib/gcc/nios2-elf/5.3.0/mhw-mulx\libgcc.a(_clz.o)
 .data          0x0000000000055ff0        0x0 d:/intelfpga/16.1/nios2eds/bin/gnu/h-x86_64-mingw32/bin/../lib/gcc/nios2-elf/5.3.0/../../../../../H-x86_64-mingw32/nios2-elf/lib/mhw-mulx\libc.a(lib_a-printf.o)
 .data          0x0000000000055ff0        0x0 d:/intelfpga/16.1/nios2eds/bin/gnu/h-x86_64-mingw32/bin/../lib/gcc/nios2-elf/5.3.0/../../../../../H-x86_64-mingw32/nios2-elf/lib/mhw-mulx\libc.a(lib_a-puts.o)
 .data          0x0000000000055ff0        0x0 d:/intelfpga/16.1/nios2eds/bin/gnu/h-x86_64-mingw32/bin/../lib/gcc/nios2-elf/5.3.0/../../../../../H-x86_64-mingw32/nios2-elf/lib/mhw-mulx\libc.a(lib_a-sprintf.o)
 .data          0x0000000000055ff0        0x0 d:/intelfpga/16.1/nios2eds/bin/gnu/h-x86_64-mingw32/bin/../lib/gcc/nios2-elf/5.3.0/../../../../../H-x86_64-mingw32/nios2-elf/lib/mhw-mulx\libc.a(lib_a-strlen.o)
 .data          0x0000000000055ff0        0x0 d:/intelfpga/16.1/nios2eds/bin/gnu/h-x86_64-mingw32/bin/../lib/gcc/nios2-elf/5.3.0/../../../../../H-x86_64-mingw32/nios2-elf/lib/mhw-mulx\libc.a(lib_a-svfprintf.o)
 .data          0x0000000000055ff0        0x0 d:/intelfpga/16.1/nios2eds/bin/gnu/h-x86_64-mingw32/bin/../lib/gcc/nios2-elf/5.3.0/../../../../../H-x86_64-mingw32/nios2-elf/lib/mhw-mulx\libc.a(lib_a-vfprintf.o)
 .data          0x0000000000055ff0        0x0 d:/intelfpga/16.1/nios2eds/bin/gnu/h-x86_64-mingw32/bin/../lib/gcc/nios2-elf/5.3.0/../../../../../H-x86_64-mingw32/nios2-elf/lib/mhw-mulx\libc.a(lib_a-vsnprintf.o)
 .data          0x0000000000055ff0        0x0 d:/intelfpga/16.1/nios2eds/bin/gnu/h-x86_64-mingw32/bin/../lib/gcc/nios2-elf/5.3.0/../../../../../H-x86_64-mingw32/nios2-elf/lib/mhw-mulx\libc.a(lib_a-wsetup.o)
 .data          0x0000000000055ff0        0x0 d:/intelfpga/16.1/nios2eds/bin/gnu/h-x86_64-mingw32/bin/../lib/gcc/nios2-elf/5.3.0/../../../../../H-x86_64-mingw32/nios2-elf/lib/mhw-mulx\libc.a(lib_a-dtoa.o)
 .data          0x0000000000055ff0        0x0 d:/intelfpga/16.1/nios2eds/bin/gnu/h-x86_64-mingw32/bin/../lib/gcc/nios2-elf/5.3.0/../../../../../H-x86_64-mingw32/nios2-elf/lib/mhw-mulx\libc.a(lib_a-fflush.o)
 .data          0x0000000000055ff0        0x0 d:/intelfpga/16.1/nios2eds/bin/gnu/h-x86_64-mingw32/bin/../lib/gcc/nios2-elf/5.3.0/../../../../../H-x86_64-mingw32/nios2-elf/lib/mhw-mulx\libc.a(lib_a-findfp.o)
 .data          0x0000000000055ff0        0x0 d:/intelfpga/16.1/nios2eds/bin/gnu/h-x86_64-mingw32/bin/../lib/gcc/nios2-elf/5.3.0/../../../../../H-x86_64-mingw32/nios2-elf/lib/mhw-mulx\libc.a(lib_a-freer.o)
 .data          0x0000000000055ff0        0x0 d:/intelfpga/16.1/nios2eds/bin/gnu/h-x86_64-mingw32/bin/../lib/gcc/nios2-elf/5.3.0/../../../../../H-x86_64-mingw32/nios2-elf/lib/mhw-mulx\libc.a(lib_a-fvwrite.o)
 .data          0x0000000000055ff0        0x0 d:/intelfpga/16.1/nios2eds/bin/gnu/h-x86_64-mingw32/bin/../lib/gcc/nios2-elf/5.3.0/../../../../../H-x86_64-mingw32/nios2-elf/lib/mhw-mulx\libc.a(lib_a-fwalk.o)
 .data          0x0000000000055ff0        0x0 d:/intelfpga/16.1/nios2eds/bin/gnu/h-x86_64-mingw32/bin/../lib/gcc/nios2-elf/5.3.0/../../../../../H-x86_64-mingw32/nios2-elf/lib/mhw-mulx\libc.a(lib_a-impure.o)
 .data.impure_data
                0x0000000000055ff0      0x424 d:/intelfpga/16.1/nios2eds/bin/gnu/h-x86_64-mingw32/bin/../lib/gcc/nios2-elf/5.3.0/../../../../../H-x86_64-mingw32/nios2-elf/lib/mhw-mulx\libc.a(lib_a-impure.o)
 .data          0x0000000000056414        0x0 d:/intelfpga/16.1/nios2eds/bin/gnu/h-x86_64-mingw32/bin/../lib/gcc/nios2-elf/5.3.0/../../../../../H-x86_64-mingw32/nios2-elf/lib/mhw-mulx\libc.a(lib_a-locale.o)
 .data.lc_message_charset
                0x0000000000056414       0x20 d:/intelfpga/16.1/nios2eds/bin/gnu/h-x86_64-mingw32/bin/../lib/gcc/nios2-elf/5.3.0/../../../../../H-x86_64-mingw32/nios2-elf/lib/mhw-mulx\libc.a(lib_a-locale.o)
 .data.lc_ctype_charset
                0x0000000000056434       0x20 d:/intelfpga/16.1/nios2eds/bin/gnu/h-x86_64-mingw32/bin/../lib/gcc/nios2-elf/5.3.0/../../../../../H-x86_64-mingw32/nios2-elf/lib/mhw-mulx\libc.a(lib_a-locale.o)
 .data.lconv    0x0000000000056454       0x38 d:/intelfpga/16.1/nios2eds/bin/gnu/h-x86_64-mingw32/bin/../lib/gcc/nios2-elf/5.3.0/../../../../../H-x86_64-mingw32/nios2-elf/lib/mhw-mulx\libc.a(lib_a-locale.o)
 .data          0x000000000005648c        0x0 d:/intelfpga/16.1/nios2eds/bin/gnu/h-x86_64-mingw32/bin/../lib/gcc/nios2-elf/5.3.0/../../../../../H-x86_64-mingw32/nios2-elf/lib/mhw-mulx\libc.a(lib_a-makebuf.o)
 .data          0x000000000005648c        0x0 d:/intelfpga/16.1/nios2eds/bin/gnu/h-x86_64-mingw32/bin/../lib/gcc/nios2-elf/5.3.0/../../../../../H-x86_64-mingw32/nios2-elf/lib/mhw-mulx\libc.a(lib_a-mallocr.o)
 .data.__malloc_av_
                0x000000000005648c      0x408 d:/intelfpga/16.1/nios2eds/bin/gnu/h-x86_64-mingw32/bin/../lib/gcc/nios2-elf/5.3.0/../../../../../H-x86_64-mingw32/nios2-elf/lib/mhw-mulx\libc.a(lib_a-mallocr.o)
                0x000000000005648c                __malloc_av_
 .data          0x0000000000056894        0x0 d:/intelfpga/16.1/nios2eds/bin/gnu/h-x86_64-mingw32/bin/../lib/gcc/nios2-elf/5.3.0/../../../../../H-x86_64-mingw32/nios2-elf/lib/mhw-mulx\libc.a(lib_a-memchr.o)
 .data          0x0000000000056894        0x0 d:/intelfpga/16.1/nios2eds/bin/gnu/h-x86_64-mingw32/bin/../lib/gcc/nios2-elf/5.3.0/../../../../../H-x86_64-mingw32/nios2-elf/lib/mhw-mulx\libc.a(lib_a-memcpy.o)
 .data          0x0000000000056894        0x0 d:/intelfpga/16.1/nios2eds/bin/gnu/h-x86_64-mingw32/bin/../lib/gcc/nios2-elf/5.3.0/../../../../../H-x86_64-mingw32/nios2-elf/lib/mhw-mulx\libc.a(lib_a-memmove.o)
 .data          0x0000000000056894        0x0 d:/intelfpga/16.1/nios2eds/bin/gnu/h-x86_64-mingw32/bin/../lib/gcc/nios2-elf/5.3.0/../../../../../H-x86_64-mingw32/nios2-elf/lib/mhw-mulx\libc.a(lib_a-memset.o)
 .data          0x0000000000056894        0x0 d:/intelfpga/16.1/nios2eds/bin/gnu/h-x86_64-mingw32/bin/../lib/gcc/nios2-elf/5.3.0/../../../../../H-x86_64-mingw32/nios2-elf/lib/mhw-mulx\libc.a(lib_a-mprec.o)
 .data          0x0000000000056894        0x0 d:/intelfpga/16.1/nios2eds/bin/gnu/h-x86_64-mingw32/bin/../lib/gcc/nios2-elf/5.3.0/../../../../../H-x86_64-mingw32/nios2-elf/lib/mhw-mulx\libc.a(lib_a-reallocr.o)
 .data          0x0000000000056894        0x0 d:/intelfpga/16.1/nios2eds/bin/gnu/h-x86_64-mingw32/bin/../lib/gcc/nios2-elf/5.3.0/../../../../../H-x86_64-mingw32/nios2-elf/lib/mhw-mulx\libc.a(lib_a-s_fpclassify.o)
 .data          0x0000000000056894        0x0 d:/intelfpga/16.1/nios2eds/bin/gnu/h-x86_64-mingw32/bin/../lib/gcc/nios2-elf/5.3.0/../../../../../H-x86_64-mingw32/nios2-elf/lib/mhw-mulx\libc.a(lib_a-sbrkr.o)
 .data          0x0000000000056894        0x0 d:/intelfpga/16.1/nios2eds/bin/gnu/h-x86_64-mingw32/bin/../lib/gcc/nios2-elf/5.3.0/../../../../../H-x86_64-mingw32/nios2-elf/lib/mhw-mulx\libc.a(lib_a-stdio.o)
 .data          0x0000000000056894        0x0 d:/intelfpga/16.1/nios2eds/bin/gnu/h-x86_64-mingw32/bin/../lib/gcc/nios2-elf/5.3.0/../../../../../H-x86_64-mingw32/nios2-elf/lib/mhw-mulx\libc.a(lib_a-strcmp.o)
 .data          0x0000000000056894        0x0 d:/intelfpga/16.1/nios2eds/bin/gnu/h-x86_64-mingw32/bin/../lib/gcc/nios2-elf/5.3.0/../../../../../H-x86_64-mingw32/nios2-elf/lib/mhw-mulx\libc.a(lib_a-svfiprintf.o)
 .data          0x0000000000056894        0x0 d:/intelfpga/16.1/nios2eds/bin/gnu/h-x86_64-mingw32/bin/../lib/gcc/nios2-elf/5.3.0/../../../../../H-x86_64-mingw32/nios2-elf/lib/mhw-mulx\libc.a(lib_a-vfiprintf.o)
 .data          0x0000000000056894        0x0 d:/intelfpga/16.1/nios2eds/bin/gnu/h-x86_64-mingw32/bin/../lib/gcc/nios2-elf/5.3.0/../../../../../H-x86_64-mingw32/nios2-elf/lib/mhw-mulx\libc.a(lib_a-writer.o)
 .data          0x0000000000056894        0x0 d:/intelfpga/16.1/nios2eds/bin/gnu/h-x86_64-mingw32/bin/../lib/gcc/nios2-elf/5.3.0/../../../../../H-x86_64-mingw32/nios2-elf/lib/mhw-mulx\libc.a(closer.o)
 .data          0x0000000000056894        0x0 d:/intelfpga/16.1/nios2eds/bin/gnu/h-x86_64-mingw32/bin/../lib/gcc/nios2-elf/5.3.0/../../../../../H-x86_64-mingw32/nios2-elf/lib/mhw-mulx\libc.a(lib_a-callocr.o)
 .data          0x0000000000056894        0x0 d:/intelfpga/16.1/nios2eds/bin/gnu/h-x86_64-mingw32/bin/../lib/gcc/nios2-elf/5.3.0/../../../../../H-x86_64-mingw32/nios2-elf/lib/mhw-mulx\libc.a(lib_a-fclose.o)
 .data          0x0000000000056894        0x0 d:/intelfpga/16.1/nios2eds/bin/gnu/h-x86_64-mingw32/bin/../lib/gcc/nios2-elf/5.3.0/../../../../../H-x86_64-mingw32/nios2-elf/lib/mhw-mulx\libc.a(lib_a-fputwc.o)
 .data          0x0000000000056894        0x0 d:/intelfpga/16.1/nios2eds/bin/gnu/h-x86_64-mingw32/bin/../lib/gcc/nios2-elf/5.3.0/../../../../../H-x86_64-mingw32/nios2-elf/lib/mhw-mulx\libc.a(lib_a-fstatr.o)
 .data          0x0000000000056894        0x0 d:/intelfpga/16.1/nios2eds/bin/gnu/h-x86_64-mingw32/bin/../lib/gcc/nios2-elf/5.3.0/../../../../../H-x86_64-mingw32/nios2-elf/lib/mhw-mulx\libc.a(lib_a-int_errno.o)
 .data          0x0000000000056894        0x0 d:/intelfpga/16.1/nios2eds/bin/gnu/h-x86_64-mingw32/bin/../lib/gcc/nios2-elf/5.3.0/../../../../../H-x86_64-mingw32/nios2-elf/lib/mhw-mulx\libc.a(lib_a-isattyr.o)
 .data          0x0000000000056894        0x0 d:/intelfpga/16.1/nios2eds/bin/gnu/h-x86_64-mingw32/bin/../lib/gcc/nios2-elf/5.3.0/../../../../../H-x86_64-mingw32/nios2-elf/lib/mhw-mulx\libc.a(lib_a-lseekr.o)
 .data          0x0000000000056894        0x0 d:/intelfpga/16.1/nios2eds/bin/gnu/h-x86_64-mingw32/bin/../lib/gcc/nios2-elf/5.3.0/../../../../../H-x86_64-mingw32/nios2-elf/lib/mhw-mulx\libc.a(lib_a-readr.o)
 .data          0x0000000000056894        0x0 d:/intelfpga/16.1/nios2eds/bin/gnu/h-x86_64-mingw32/bin/../lib/gcc/nios2-elf/5.3.0/../../../../../H-x86_64-mingw32/nios2-elf/lib/mhw-mulx\libc.a(lib_a-wbuf.o)
 .data          0x0000000000056894        0x0 d:/intelfpga/16.1/nios2eds/bin/gnu/h-x86_64-mingw32/bin/../lib/gcc/nios2-elf/5.3.0/../../../../../H-x86_64-mingw32/nios2-elf/lib/mhw-mulx\libc.a(lib_a-wcrtomb.o)
 .data          0x0000000000056894        0x0 d:/intelfpga/16.1/nios2eds/bin/gnu/h-x86_64-mingw32/bin/../lib/gcc/nios2-elf/5.3.0/../../../../../H-x86_64-mingw32/nios2-elf/lib/mhw-mulx\libc.a(lib_a-wctomb_r.o)
 .data          0x0000000000056894        0x0 d:/intelfpga/16.1/nios2eds/bin/gnu/h-x86_64-mingw32/bin/../lib/gcc/nios2-elf/5.3.0/mhw-mulx\libgcc.a(_udivdi3.o)
 .data          0x0000000000056894        0x0 d:/intelfpga/16.1/nios2eds/bin/gnu/h-x86_64-mingw32/bin/../lib/gcc/nios2-elf/5.3.0/mhw-mulx\libgcc.a(_umoddi3.o)
 .data          0x0000000000056894        0x0 d:/intelfpga/16.1/nios2eds/bin/gnu/h-x86_64-mingw32/bin/../lib/gcc/nios2-elf/5.3.0/mhw-mulx\libgcc.a(eqdf2.o)
 .data          0x0000000000056894        0x0 d:/intelfpga/16.1/nios2eds/bin/gnu/h-x86_64-mingw32/bin/../lib/gcc/nios2-elf/5.3.0/mhw-mulx\libgcc.a(gedf2.o)
 .data          0x0000000000056894        0x0 d:/intelfpga/16.1/nios2eds/bin/gnu/h-x86_64-mingw32/bin/../lib/gcc/nios2-elf/5.3.0/mhw-mulx\libgcc.a(ledf2.o)
 .data          0x0000000000056894        0x0 d:/intelfpga/16.1/nios2eds/bin/gnu/h-x86_64-mingw32/bin/../lib/gcc/nios2-elf/5.3.0/mhw-mulx\libgcc.a(muldf3.o)
 .data          0x0000000000056894        0x0 d:/intelfpga/16.1/nios2eds/bin/gnu/h-x86_64-mingw32/bin/../lib/gcc/nios2-elf/5.3.0/mhw-mulx\libgcc.a(subdf3.o)
 .data          0x0000000000056894        0x0 d:/intelfpga/16.1/nios2eds/bin/gnu/h-x86_64-mingw32/bin/../lib/gcc/nios2-elf/5.3.0/mhw-mulx\libgcc.a(fixdfsi.o)
 .data          0x0000000000056894        0x0 d:/intelfpga/16.1/nios2eds/bin/gnu/h-x86_64-mingw32/bin/../lib/gcc/nios2-elf/5.3.0/mhw-mulx\libgcc.a(floatsidf.o)
 .data          0x0000000000056894        0x0 d:/intelfpga/16.1/nios2eds/bin/gnu/h-x86_64-mingw32/bin/../lib/gcc/nios2-elf/5.3.0/mhw-mulx\libgcc.a(floatunsidf.o)
 .data          0x0000000000056894        0x0 ../TR5_FMC_HDMI_bsp\libhal_bsp.a(alt_close.o)
 .data          0x0000000000056894      0x1a8 ../TR5_FMC_HDMI_bsp\libhal_bsp.a(alt_dev.o)
                0x0000000000056894                alt_dev_null
                0x00000000000568bc                alt_fd_list
 .data          0x0000000000056a3c        0x0 ../TR5_FMC_HDMI_bsp\libhal_bsp.a(alt_errno.o)
 .data          0x0000000000056a3c        0x0 ../TR5_FMC_HDMI_bsp\libhal_bsp.a(alt_fstat.o)
 .data          0x0000000000056a3c        0x0 ../TR5_FMC_HDMI_bsp\libhal_bsp.a(alt_iic.o)
 .data          0x0000000000056a3c        0x0 ../TR5_FMC_HDMI_bsp\libhal_bsp.a(alt_iic_isr_register.o)
 .data          0x0000000000056a3c        0x0 ../TR5_FMC_HDMI_bsp\libhal_bsp.a(alt_irq_entry.o)
 .data          0x0000000000056a3c        0x0 ../TR5_FMC_HDMI_bsp\libhal_bsp.a(alt_irq_handler.o)
 .data          0x0000000000056a3c        0x0 ../TR5_FMC_HDMI_bsp\libhal_bsp.a(alt_irq_vars.o)
 .data          0x0000000000056a3c        0x0 ../TR5_FMC_HDMI_bsp\libhal_bsp.a(alt_isatty.o)
 .data          0x0000000000056a3c        0x0 ../TR5_FMC_HDMI_bsp\libhal_bsp.a(alt_load.o)
 .data          0x0000000000056a3c        0x0 ../TR5_FMC_HDMI_bsp\libhal_bsp.a(alt_lseek.o)
 .data          0x0000000000056a3c        0x0 ../TR5_FMC_HDMI_bsp\libhal_bsp.a(alt_main.o)
 .data          0x0000000000056a3c        0x0 ../TR5_FMC_HDMI_bsp\libhal_bsp.a(alt_malloc_lock.o)
 .data          0x0000000000056a3c        0x0 ../TR5_FMC_HDMI_bsp\libhal_bsp.a(alt_read.o)
 .data          0x0000000000056a3c        0x0 ../TR5_FMC_HDMI_bsp\libhal_bsp.a(alt_release_fd.o)
 .data          0x0000000000056a3c        0x0 ../TR5_FMC_HDMI_bsp\libhal_bsp.a(alt_sbrk.o)
 .data          0x0000000000056a3c        0x0 ../TR5_FMC_HDMI_bsp\libhal_bsp.a(alt_usleep.o)
 .data          0x0000000000056a3c        0x0 ../TR5_FMC_HDMI_bsp\libhal_bsp.a(alt_write.o)
 .data          0x0000000000056a3c     0x1060 ../TR5_FMC_HDMI_bsp\libhal_bsp.a(alt_sys_init.o)
 .data          0x0000000000057a9c        0x0 ../TR5_FMC_HDMI_bsp\libhal_bsp.a(altera_avalon_jtag_uart_fd.o)
 .data          0x0000000000057a9c        0x0 ../TR5_FMC_HDMI_bsp\libhal_bsp.a(altera_avalon_jtag_uart_init.o)
 .data          0x0000000000057a9c        0x0 ../TR5_FMC_HDMI_bsp\libhal_bsp.a(altera_avalon_jtag_uart_ioctl.o)
 .data          0x0000000000057a9c        0x0 ../TR5_FMC_HDMI_bsp\libhal_bsp.a(altera_avalon_jtag_uart_read.o)
 .data          0x0000000000057a9c        0x0 ../TR5_FMC_HDMI_bsp\libhal_bsp.a(altera_avalon_jtag_uart_write.o)
 .data          0x0000000000057a9c        0x0 ../TR5_FMC_HDMI_bsp\libhal_bsp.a(altera_avalon_timer_sc.o)
 .data          0x0000000000057a9c        0x0 ../TR5_FMC_HDMI_bsp\libhal_bsp.a(alt_alarm_start.o)
 .data          0x0000000000057a9c        0x0 ../TR5_FMC_HDMI_bsp\libhal_bsp.a(alt_busy_sleep.o)
 .data          0x0000000000057a9c        0x0 ../TR5_FMC_HDMI_bsp\libhal_bsp.a(alt_dcache_flush_all.o)
 .data          0x0000000000057a9c        0x0 ../TR5_FMC_HDMI_bsp\libhal_bsp.a(alt_dev_llist_insert.o)
 .data          0x0000000000057a9c        0x0 ../TR5_FMC_HDMI_bsp\libhal_bsp.a(alt_do_ctors.o)
 .data          0x0000000000057a9c        0x0 ../TR5_FMC_HDMI_bsp\libhal_bsp.a(alt_do_dtors.o)
 .data          0x0000000000057a9c        0x0 ../TR5_FMC_HDMI_bsp\libhal_bsp.a(alt_exception_entry.o)
 .data          0x0000000000057a9c        0x0 ../TR5_FMC_HDMI_bsp\libhal_bsp.a(alt_icache_flush_all.o)
 .data          0x0000000000057a9c        0x0 ../TR5_FMC_HDMI_bsp\libhal_bsp.a(alt_instruction_exception_entry.o)
 .data          0x0000000000057a9c        0x0 ../TR5_FMC_HDMI_bsp\libhal_bsp.a(alt_io_redirect.o)
 .data          0x0000000000057a9c        0x0 ../TR5_FMC_HDMI_bsp\libhal_bsp.a(alt_open.o)
 .data          0x0000000000057a9c        0x0 ../TR5_FMC_HDMI_bsp\libhal_bsp.a(alt_tick.o)
 .data          0x0000000000057a9c        0x0 ../TR5_FMC_HDMI_bsp\libhal_bsp.a(altera_nios2_gen2_irq.o)
 .data          0x0000000000057a9c        0x0 ../TR5_FMC_HDMI_bsp\libhal_bsp.a(alt_find_dev.o)
 .data          0x0000000000057a9c        0x0 ../TR5_FMC_HDMI_bsp\libhal_bsp.a(alt_find_file.o)
 .data          0x0000000000057a9c        0x0 ../TR5_FMC_HDMI_bsp\libhal_bsp.a(alt_get_fd.o)
 .data          0x0000000000057a9c        0x0 ../TR5_FMC_HDMI_bsp\libhal_bsp.a(alt_icache_flush.o)
 .data          0x0000000000057a9c        0x0 d:/intelfpga/16.1/nios2eds/bin/gnu/h-x86_64-mingw32/bin/../lib/gcc/nios2-elf/5.3.0/../../../../../H-x86_64-mingw32/nios2-elf/lib/mhw-mulx\libc.a(lib_a-atexit.o)
 .data          0x0000000000057a9c        0x0 d:/intelfpga/16.1/nios2eds/bin/gnu/h-x86_64-mingw32/bin/../lib/gcc/nios2-elf/5.3.0/../../../../../H-x86_64-mingw32/nios2-elf/lib/mhw-mulx\libc.a(lib_a-exit.o)
 .data          0x0000000000057a9c        0x0 d:/intelfpga/16.1/nios2eds/bin/gnu/h-x86_64-mingw32/bin/../lib/gcc/nios2-elf/5.3.0/../../../../../H-x86_64-mingw32/nios2-elf/lib/mhw-mulx\libc.a(lib_a-memcmp.o)
 .data          0x0000000000057a9c        0x0 d:/intelfpga/16.1/nios2eds/bin/gnu/h-x86_64-mingw32/bin/../lib/gcc/nios2-elf/5.3.0/../../../../../H-x86_64-mingw32/nios2-elf/lib/mhw-mulx\libc.a(lib_a-__atexit.o)
 .data          0x0000000000057a9c        0x0 d:/intelfpga/16.1/nios2eds/bin/gnu/h-x86_64-mingw32/bin/../lib/gcc/nios2-elf/5.3.0/../../../../../H-x86_64-mingw32/nios2-elf/lib/mhw-mulx\libc.a(lib_a-__call_atexit.o)
 .data          0x0000000000057a9c        0x0 ../TR5_FMC_HDMI_bsp\libhal_bsp.a(alt_exit.o)
                0x000000000005fa9c                _gp = ABSOLUTE ((. + 0x8000))
                [!provide]                        PROVIDE (gp, _gp)
 *(.rwdata .rwdata.*)
 *(.sdata .sdata.* .gnu.linkonce.s.*)
 .sdata._global_impure_ptr
                0x0000000000057a9c        0x4 d:/intelfpga/16.1/nios2eds/bin/gnu/h-x86_64-mingw32/bin/../lib/gcc/nios2-elf/5.3.0/../../../../../H-x86_64-mingw32/nios2-elf/lib/mhw-mulx\libc.a(lib_a-impure.o)
                0x0000000000057a9c                _global_impure_ptr
 .sdata._impure_ptr
                0x0000000000057aa0        0x4 d:/intelfpga/16.1/nios2eds/bin/gnu/h-x86_64-mingw32/bin/../lib/gcc/nios2-elf/5.3.0/../../../../../H-x86_64-mingw32/nios2-elf/lib/mhw-mulx\libc.a(lib_a-impure.o)
                0x0000000000057aa0                _impure_ptr
 .sdata.__mb_cur_max
                0x0000000000057aa4        0x4 d:/intelfpga/16.1/nios2eds/bin/gnu/h-x86_64-mingw32/bin/../lib/gcc/nios2-elf/5.3.0/../../../../../H-x86_64-mingw32/nios2-elf/lib/mhw-mulx\libc.a(lib_a-locale.o)
                0x0000000000057aa4                __mb_cur_max
 .sdata.__malloc_sbrk_base
                0x0000000000057aa8        0x4 d:/intelfpga/16.1/nios2eds/bin/gnu/h-x86_64-mingw32/bin/../lib/gcc/nios2-elf/5.3.0/../../../../../H-x86_64-mingw32/nios2-elf/lib/mhw-mulx\libc.a(lib_a-mallocr.o)
                0x0000000000057aa8                __malloc_sbrk_base
 .sdata.__malloc_trim_threshold
                0x0000000000057aac        0x4 d:/intelfpga/16.1/nios2eds/bin/gnu/h-x86_64-mingw32/bin/../lib/gcc/nios2-elf/5.3.0/../../../../../H-x86_64-mingw32/nios2-elf/lib/mhw-mulx\libc.a(lib_a-mallocr.o)
                0x0000000000057aac                __malloc_trim_threshold
 .sdata.__wctomb
                0x0000000000057ab0        0x4 d:/intelfpga/16.1/nios2eds/bin/gnu/h-x86_64-mingw32/bin/../lib/gcc/nios2-elf/5.3.0/../../../../../H-x86_64-mingw32/nios2-elf/lib/mhw-mulx\libc.a(lib_a-wctomb_r.o)
                0x0000000000057ab0                __wctomb
 .sdata         0x0000000000057ab4       0x14 ../TR5_FMC_HDMI_bsp\libhal_bsp.a(alt_dev.o)
                0x0000000000057ab4                alt_fs_list
                0x0000000000057abc                alt_dev_list
                0x0000000000057ac4                alt_max_fd
 .sdata         0x0000000000057ac8        0x4 ../TR5_FMC_HDMI_bsp\libhal_bsp.a(alt_errno.o)
                0x0000000000057ac8                alt_errno
 .sdata         0x0000000000057acc        0x4 ../TR5_FMC_HDMI_bsp\libhal_bsp.a(alt_irq_vars.o)
                0x0000000000057acc                alt_priority_mask
 .sdata         0x0000000000057ad0        0x4 ../TR5_FMC_HDMI_bsp\libhal_bsp.a(alt_sbrk.o)
 .sdata         0x0000000000057ad4        0x8 ../TR5_FMC_HDMI_bsp\libhal_bsp.a(alt_tick.o)
                0x0000000000057ad4                alt_alarm_list
 *(.sdata2 .sdata2.* .gnu.linkonce.s2.*)
                0x0000000000057adc                . = ALIGN (0x4)
                0x0000000000057adc                _edata = ABSOLUTE (.)
                [!provide]                        PROVIDE (edata, ABSOLUTE (.))
                0x0000000000057adc                PROVIDE (__ram_rwdata_end, ABSOLUTE (.))
                0x0000000000057adc                PROVIDE (__flash_rwdata_start, LOADADDR (.rwdata))

.bss            0x0000000000059698      0x160
                0x0000000000059698                __bss_start = ABSOLUTE (.)
                [!provide]                        PROVIDE (__sbss_start, ABSOLUTE (.))
                [!provide]                        PROVIDE (___sbss_start, ABSOLUTE (.))
 *(.dynsbss)
 *(.sbss .sbss.* .gnu.linkonce.sb.*)
 .sbss._PathLocale
                0x0000000000059698        0x4 d:/intelfpga/16.1/nios2eds/bin/gnu/h-x86_64-mingw32/bin/../lib/gcc/nios2-elf/5.3.0/../../../../../H-x86_64-mingw32/nios2-elf/lib/mhw-mulx\libc.a(lib_a-locale.o)
                0x0000000000059698                _PathLocale
 .sbss.__mlocale_changed
                0x000000000005969c        0x4 d:/intelfpga/16.1/nios2eds/bin/gnu/h-x86_64-mingw32/bin/../lib/gcc/nios2-elf/5.3.0/../../../../../H-x86_64-mingw32/nios2-elf/lib/mhw-mulx\libc.a(lib_a-locale.o)
                0x000000000005969c                __mlocale_changed
 .sbss.__nlocale_changed
                0x00000000000596a0        0x4 d:/intelfpga/16.1/nios2eds/bin/gnu/h-x86_64-mingw32/bin/../lib/gcc/nios2-elf/5.3.0/../../../../../H-x86_64-mingw32/nios2-elf/lib/mhw-mulx\libc.a(lib_a-locale.o)
                0x00000000000596a0                __nlocale_changed
 .sbss.__malloc_max_total_mem
                0x00000000000596a4        0x4 d:/intelfpga/16.1/nios2eds/bin/gnu/h-x86_64-mingw32/bin/../lib/gcc/nios2-elf/5.3.0/../../../../../H-x86_64-mingw32/nios2-elf/lib/mhw-mulx\libc.a(lib_a-mallocr.o)
                0x00000000000596a4                __malloc_max_total_mem
 .sbss.__malloc_max_sbrked_mem
                0x00000000000596a8        0x4 d:/intelfpga/16.1/nios2eds/bin/gnu/h-x86_64-mingw32/bin/../lib/gcc/nios2-elf/5.3.0/../../../../../H-x86_64-mingw32/nios2-elf/lib/mhw-mulx\libc.a(lib_a-mallocr.o)
                0x00000000000596a8                __malloc_max_sbrked_mem
 .sbss.__malloc_top_pad
                0x00000000000596ac        0x4 d:/intelfpga/16.1/nios2eds/bin/gnu/h-x86_64-mingw32/bin/../lib/gcc/nios2-elf/5.3.0/../../../../../H-x86_64-mingw32/nios2-elf/lib/mhw-mulx\libc.a(lib_a-mallocr.o)
                0x00000000000596ac                __malloc_top_pad